<html>
<body>
<pre>
<h1>�Vision Build Log</h1>
<h2>Tool Versions:</h2>
IDE-Version: ��Vision V5.30.0.0
Copyright (C) 2020 ARM Ltd and ARM Germany GmbH. All rights reserved.
License Information: S YH, 12, LIC=GMZI6-DBLKL-KPLZY-IHV95-IKFDD-TSBKZ
 
Tool Versions:
Toolchain:       MDK-ARM Plus  Version: 5.30.0.0
Toolchain Path:  D:\Keil_v5\ARM\ARMCLANG\Bin
C Compiler:      ArmClang.exe V6.14
Assembler:       Armasm.exe V6.14
Linker/Locator:  ArmLink.exe V6.14
Library Manager: ArmAr.exe V6.14
Hex Converter:   FromElf.exe V6.14
CPU DLL:         SARMCM3.DLL V5.30.0.0
Dialog DLL:      DCM.DLL V1.17.3.0
Target DLL:      STLink\ST-LINKIII-KEIL_SWO.dll V3.0.7.0
Dialog DLL:      TCM.DLL V1.42.0.0
 
<h2>Project:</h2>
C:\Users\SYH\Desktop\BOOT+APP\SysTemp+SD3078\MDK-ARM\H750IB.uvprojx
Project File Date:  09/25/2023

<h2>Output:</h2>
*** Using Compiler 'V6.14', folder: 'D:\Keil_v5\ARM\ARMCLANG\Bin'
Rebuild target 'H750IB'
assembling startup_stm32h750xx.s...
compiling adc.c...
compiling stc.c...
compiling fmc.c...
compiling dma.c...
compiling gpio.c...
compiling rtc.c...
compiling ltdc.c...
compiling i2c.c...
compiling dma2d.c...
../Core/Src/main.c(94): warning: illegal character encoding in string literal [-Winvalid-source-encoding]
  usb_printf("\r\n<BD><F8><D0><D0><CB>ٶȲ<E2><CA><D4>>>>\r\n");
                  ^~~~~~~~~~~~~~~~~~~~  ~~~~~~~~~~~~
../Core/Src/main.c(109): warning: illegal character encoding in string literal [-Winvalid-source-encoding]
  usb_printf("\r\n<D2><D4>32λ<CA><FD><BE>ݿ<ED><B6><C8>д<C8><EB><CA><FD><BE>ݣ<AC><B4><F3>С<A3><BA>%d MB<A3><AC><BA><C4>ʱ: %d ms, д<C8><EB><CB>ٶȣ<BA>%.2f MB/s\r\n", SDRAM_Size / 1024 / 1024, ExecutionTime, ExecutionSpeed);
                  ^~~~~~~~   ~~~~~~~~~~~~ ~~~~~~~~~~~~ ~~~~~~~~~~~~~~~~~~~~ ~~~~~~~~~~~~ ~~~~~~~~     ~~~~~~~~~~~~~~~~           ~~~~~~~~~~~~  ~~~~
../Core/Src/main.c(124): warning: illegal character encoding in string literal [-Winvalid-source-encoding]
  usb_printf("\r\n<B6><C1>ȡ<CA><FD><BE><DD><CD><EA><B1>ϣ<AC><B4><F3>С<A3><BA>%d MB<A3><AC><BA><C4>ʱ: %d ms, <B6><C1>ȡ<CB>ٶȣ<BA>%.2f MB/s\r\n", SDRAM_Size / 1024 / 1024, ExecutionTime, ExecutionSpeed);
                  ^~~~~~~~ ~~~~~~~~~~~~~~~~~~~~~~~~~~~~ ~~~~~~~~~~~~ ~~~~~~~~     ~~~~~~~~~~~~~~~~          ~~~~~~~~ ~~~~  ~~~~
../Core/Src/main.c(131): warning: illegal character encoding in string literal [-Winvalid-source-encoding]
  usb_printf("\r\n<BD><F8><D0><D0><CA><FD><BE><DD>У<D1><E9>>>>\r\n");
                  ^~~~~~~~~~~~~~~~~~~~~~~~~~~~~~~~ ~~~~~~~~
../Core/Src/main.c(139): warning: illegal character encoding in string literal [-Winvalid-source-encoding]
      usb_printf("\r\nSDRAM<B2><E2><CA><D4>ʧ<B0>ܣ<A1><A3><A1>\r\n");
                           ^~~~~~~~~~~~~~~~ ~~~~ ~~~~~~~~~~~~
../Core/Src/main.c(145): warning: illegal character encoding in string literal [-Winvalid-source-encoding]
  usb_printf("\r\n32λ<CA><FD><BE>ݿ<ED><B6>ȶ<C1>дͨ<B9><FD><A3><AC><D2><D4>8λ<CA><FD><BE>ݿ<ED><B6><C8>д<C8><EB><CA><FD><BE><DD>\r\n");
                     ^~~~~~~~~~~~ ~~~~~~~~ ~~~~ ~~~~~~~~~~~~~~~~~~~~~~~~  ~~~~~~~~~~~~ ~~~~~~~~~~~~ ~~~~~~~~~~~~~~~~~~~~~~~~
../Core/Src/main.c(151): warning: illegal character encoding in string literal [-Winvalid-source-encoding]
  usb_printf("д<C8><EB><CD><EA><B1>ϣ<AC><B6><C1>ȡ<CA><FD><BE>ݲ<A2><B1>Ƚ<CF>...\r\n");
               ^~~~~~~~~~~~~~~~~~~~ ~~~~~~~~~~~~ ~~~~~~~~~~~~ ~~~~~~~~ ~~~~
../Core/Src/main.c(158): warning: illegal character encoding in string literal [-Winvalid-source-encoding]
      usb_printf("8λ<CA><FD><BE>ݿ<ED><B6>ȶ<C1>д<B2><E2><CA><D4>ʧ<B0>ܣ<A1><A3><A1>\r\n");
                    ^~~~~~~~~~~~ ~~~~~~~~ ~~~~ ~~~~~~~~~~~~~~~~ ~~~~ ~~~~~~~~~~~~
../Core/Src/main.c(160): warning: illegal character encoding in string literal [-Winvalid-source-encoding]
      usb_printf("<C7><EB><BC><EC><B2><E9>NBL0<BA><CD>NBL1<B5><C4><C1><AC><BD><D3>\r\n");
                  ^~~~~~~~~~~~~~~~~~~~~~~~    ~~~~~~~~    ~~~~~~~~~~~~~~~~~~~~~~~~
../Core/Src/main.c(165): warning: illegal character encoding in string literal [-Winvalid-source-encoding]
  usb_printf("8λ<CA><FD><BE>ݿ<ED><B6>ȶ<C1>дͨ<B9><FD>\r\n");
                ^~~~~~~~~~~~ ~~~~~~~~ ~~~~ ~~~~~~~~
../Core/Src/main.c(167): warning: illegal character encoding in string literal [-Winvalid-source-encoding]
  usb_printf("SDRAM<B6><C1>д<B2><E2><CA><D4>ͨ<B9><FD><A3><AC>ϵͳ<D5><FD><B3><A3>\r\n");
                   ^~~~~~~~ ~~~~~~~~~~~~~~~~~~~~~~~~~~~~~~~~  ~~~~~~~~~~~~~~~~
../Core/Src/main.c(273): warning: passing 'volatile uint8_t [100]' to parameter of type 'uint8_t *' (aka 'unsigned char *') discards qualifiers [-Wincompatible-pointer-types-discards-qualifiers]
  HAL_UARTEx_ReceiveToIdle_DMA(&ESP_UART, uart7_buf, UART7_MAX_BUF);
                                          ^~~~~~~~~
../Drivers/STM32H7xx_HAL_Driver/Inc/stm32h7xx_hal_uart_ex.h(179): note: passing argument to parameter 'pData' here
HAL_StatusTypeDef HAL_UARTEx_ReceiveToIdle_DMA(UART_HandleTypeDef *huart, uint8_t *pData, uint16_t Size);
                                                                                   ^
12 warnings generated.
compiling main.c...
compiling tim.c...
compiling stm32h7xx_hal_msp.c...
compiling usart.c...
compiling stm32h7xx_hal_pcd_ex.c...
compiling stm32h7xx_it.c...
../LVGL/mylvgl/mylvgl.c(67): warning: incompatible integer to pointer conversion passing 'uint8_t' (aka 'unsigned char') to parameter of type 'void *' [-Wint-conversion]
        lv_obj_add_event_cb(bottom, btn_event_cb, LV_EVENT_CLICKED, i);
                                                                    ^
../LVGL/src/misc/../hal/../draw/sw/../../core/lv_event.h(238): note: passing argument to parameter 'user_data' here
                                             void * user_data);
                                                    ^
../LVGL/mylvgl/mylvgl.c(152): warning: incompatible pointer to integer conversion initializing 'uint16_t' (aka 'unsigned short') with an expression of type 'void *' [-Wint-conversion]
    uint16_t botton_id = lv_event_get_user_data(e);
             ^           ~~~~~~~~~~~~~~~~~~~~~~~~~
2 warnings generated.
compiling mylvgl.c...
compiling stm32h7xx_hal_pcd.c...
compiling stm32h7xx_hal_rcc.c...
compiling stm32h7xx_ll_usb.c...
compiling stm32h7xx_hal_rcc_ex.c...
compiling stm32h7xx_hal_hsem.c...
compiling stm32h7xx_hal_flash.c...
compiling stm32h7xx_hal_dma_ex.c...
compiling stm32h7xx_hal_flash_ex.c...
compiling stm32h7xx_hal_gpio.c...
compiling stm32h7xx_hal_dma.c...
compiling stm32h7xx_hal_pwr.c...
compiling stm32h7xx_hal_mdma.c...
compiling stm32h7xx_hal_pwr_ex.c...
compiling stm32h7xx_hal_cortex.c...
compiling stm32h7xx_hal.c...
compiling stm32h7xx_hal_i2c_ex.c...
compiling stm32h7xx_hal_exti.c...
compiling stm32h7xx_hal_dma2d.c...
compiling stm32h7xx_hal_ltdc_ex.c...
compiling stm32h7xx_ll_fmc.c...
compiling stm32h7xx_hal_adc.c...
compiling stm32h7xx_hal_adc_ex.c...
compiling stm32h7xx_hal_sdram.c...
compiling stm32h7xx_hal_ltdc.c...
compiling stm32h7xx_hal_i2c.c...
compiling stm32h7xx_hal_rtc.c...
compiling stm32h7xx_hal_rtc_ex.c...
compiling lv_font.c...
compiling lv_font_dejavu_16_persian_hebrew.c...
compiling system_stm32h7xx.c...
compiling stm32h7xx_hal_uart_ex.c...
compiling lv_port_disp_template.c...
compiling lv_font_fmt_txt.c...
compiling lv_port_indev_template.c...
compiling lv_font_montserrat_8.c...
compiling stm32h7xx_hal_tim_ex.c...
compiling lv_font_montserrat_10.c...
compiling lv_font_loader.c...
compiling lv_font_montserrat_12.c...
compiling lv_font_montserrat_12_subpx.c...
compiling lv_font_montserrat_16.c...
compiling lv_font_montserrat_18.c...
compiling lv_font_montserrat_14.c...
compiling lv_font_montserrat_20.c...
compiling stm32h7xx_hal_tim.c...
compiling stm32h7xx_hal_uart.c...
compiling lv_font_montserrat_24.c...
compiling lv_font_montserrat_22.c...
compiling lv_font_montserrat_26.c...
compiling lv_font_montserrat_28.c...
compiling lv_font_montserrat_28_compressed.c...
compiling lv_font_montserrat_34.c...
compiling lv_font_montserrat_32.c...
compiling lv_font_montserrat_36.c...
compiling lv_font_montserrat_38.c...
compiling lv_font_montserrat_40.c...
compiling lv_font_montserrat_30.c...
compiling lv_font_montserrat_42.c...
compiling lv_font_montserrat_44.c...
compiling lv_font_montserrat_46.c...
compiling lv_font_montserrat_48.c...
compiling lv_font_simsun_16_cjk.c...
compiling lv_hal_tick.c...
compiling lv_font_unscii_8.c...
compiling lv_font_unscii_16.c...
compiling lv_anim.c...
compiling lv_gpu_stm32_dma2d.c...
compiling lv_async.c...
compiling lv_hal_indev.c...
compiling lv_anim_timeline.c...
compiling lv_bidi.c...
compiling lv_hal_disp.c...
compiling lv_area.c...
compiling lv_color.c...
compiling lv_log.c...
compiling lv_gc.c...
compiling lv_ll.c...
compiling lv_fs.c...
compiling lv_lru.c...
compiling lv_mem.c...
compiling lv_math.c...
compiling lv_templ.c...
compiling lv_style.c...
compiling lv_printf.c...
compiling lv_style_gen.c...
compiling lv_utils.c...
compiling lv_timer.c...
compiling lv_btn.c...
compiling lv_tlsf.c...
compiling lv_arc.c...
compiling lv_txt.c...
compiling lv_bar.c...
compiling lv_checkbox.c...
compiling lv_txt_ap.c...
compiling lv_canvas.c...
compiling lv_img.c...
compiling lv_objx_templ.c...
compiling lv_btnmatrix.c...
compiling lv_line.c...
compiling lv_dropdown.c...
compiling lv_label.c...
compiling lv_switch.c...
compiling lv_roller.c...
compiling lv_slider.c...
compiling lv_disp.c...
compiling lv_event.c...
compiling lv_group.c...
compiling lv_table.c...
compiling lv_textarea.c...
compiling lv_indev_scroll.c...
compiling lv_obj_class.c...
compiling lv_indev.c...
compiling lv_obj_draw.c...
compiling lv_obj.c...
compiling lv_gpu_arm2d.c...
compiling lv_obj_style_gen.c...
compiling lv_obj_style.c...
compiling lv_theme.c...
compiling lv_obj_scroll.c...
compiling lv_obj_tree.c...
compiling lv_obj_pos.c...
compiling lv_gpu_d2_ra6m3.c...
compiling lv_draw_sw.c...
compiling lv_draw_sw_gradient.c...
compiling lv_draw_sw_dither.c...
compiling lv_refr.c...
compiling lv_draw_sw_arc.c...
compiling lv_gpu_d2_draw_label.c...
compiling lv_draw_sw_img.c...
compiling lv_draw_sw_line.c...
compiling lv_draw_sw_letter.c...
compiling lv_draw_sw_layer.c...
compiling lv_draw_sw_polygon.c...
compiling lv_gpu_swm341_dma2d.c...
compiling lv_draw.c...
compiling lv_draw_sw_blend.c...
compiling lv_draw_sw_transform.c...
compiling lv_draw_arc.c...
compiling lv_draw_layer.c...
compiling lv_draw_label.c...
compiling lv_draw_line.c...
compiling lv_draw_img.c...
compiling lv_draw_rect.c...
compiling lv_draw_transform.c...
compiling lv_draw_sw_rect.c...
compiling lv_img_cache.c...
compiling lv_draw_triangle.c...
compiling lv_img_buf.c...
compiling lv_draw_mask.c...
compiling lv_ffmpeg.c...
compiling lv_img_decoder.c...
compiling lv_bmp.c...
compiling lv_fs_posix.c...
compiling lv_fs_fatfs.c...
compiling lv_freetype.c...
compiling lv_flex.c...
compiling lv_grid.c...
compiling lv_fs_stdio.c...
compiling lv_fs_win32.c...
compiling lv_gif.c...
compiling lv_png.c...
compiling tjpgd.c...
compiling lv_fragment_manager.c...
compiling lv_qrcode.c...
compiling lodepng.c...
compiling gifdec.c...
compiling lv_fragment.c...
compiling lv_sjpg.c...
compiling lv_rlottie.c...
compiling lv_gridnav.c...
compiling lv_msg.c...
compiling lv_ime_pinyin.c...
compiling lv_snapshot.c...
compiling lv_monkey.c...
compiling lv_imgfont.c...
compiling qrcodegen.c...
compiling lv_animimg.c...
compiling lv_theme_basic.c...
compiling lv_theme_mono.c...
compiling lv_calendar_header_dropdown.c...
compiling lv_calendar.c...
compiling lv_calendar_header_arrow.c...
compiling lv_theme_default.c...
compiling lv_imgbtn.c...
compiling lv_keyboard.c...
compiling lv_led.c...
compiling lv_colorwheel.c...
compiling lv_list.c...
compiling lv_menu.c...
compiling lv_chart.c...
compiling lv_spinbox.c...
compiling lv_meter.c...
compiling lv_msgbox.c...
compiling lv_tabview.c...
compiling lv_spinner.c...
compiling lv_tileview.c...
compiling lv_span.c...
compiling lv_extra.c...
compiling lv_win.c...
compiling usbd_desc.c...
compiling usb_device.c...
../USB_DEVICE/App/usbd_cdc_if.c(328): warning: passing 'volatile uint8_t [100]' to parameter of type 'void *' discards qualifiers [-Wincompatible-pointer-types-discards-qualifiers]
      SCB_InvalidateDCache_by_Addr(uart7_buf, UART7_MAX_BUF);      // 清除Dcache，让CPU直接从memory中读取
                                   ^~~~~~~~~
../Drivers/CMSIS/Include\core_cm7.h(2512): note: passing argument to parameter 'addr' here
__STATIC_FORCEINLINE void SCB_InvalidateDCache_by_Addr (void *addr, int32_t dsize)
                                                              ^
../USB_DEVICE/App/usbd_cdc_if.c(329): warning: passing 'volatile uint8_t *' (aka 'volatile unsigned char *') to parameter of type 'uint8_t *' (aka 'unsigned char *') discards qualifiers [-Wincompatible-pointer-types-discards-qualifiers]
      CDC_Transmit_FS(&uart7_buf[trans_pointer], wait2trans_size); //
                      ^~~~~~~~~~~~~~~~~~~~~~~~~
../USB_DEVICE/App/usbd_cdc_if.c(286): note: passing argument to parameter 'Buf' here
uint8_t CDC_Transmit_FS(uint8_t *Buf, uint16_t Len)
                                 ^
../USB_DEVICE/App/usbd_cdc_if.c(335): warning: passing 'volatile uint8_t [100]' to parameter of type 'void *' discards qualifiers [-Wincompatible-pointer-types-discards-qualifiers]
      SCB_InvalidateDCache_by_Addr(uart7_buf, UART7_MAX_BUF);
                                   ^~~~~~~~~
../Drivers/CMSIS/Include\core_cm7.h(2512): note: passing argument to parameter 'addr' here
__STATIC_FORCEINLINE void SCB_InvalidateDCache_by_Addr (void *addr, int32_t dsize)
                                                              ^
../USB_DEVICE/App/usbd_cdc_if.c(336): warning: passing 'volatile uint8_t *' (aka 'volatile unsigned char *') to parameter of type 'uint8_t *' (aka 'unsigned char *') discards qualifiers [-Wincompatible-pointer-types-discards-qualifiers]
      CDC_Transmit_FS(&uart7_buf[trans_pointer], UART7_MAX_BUF - trans_pointer);
                      ^~~~~~~~~~~~~~~~~~~~~~~~~
../USB_DEVICE/App/usbd_cdc_if.c(286): note: passing argument to parameter 'Buf' here
uint8_t CDC_Transmit_FS(uint8_t *Buf, uint16_t Len)
                                 ^
../USB_DEVICE/App/usbd_cdc_if.c(361): warning: passing 'volatile uint8_t [100]' to parameter of type 'void *' discards qualifiers [-Wincompatible-pointer-types-discards-qualifiers]
    SCB_InvalidateDCache_by_Addr(uart7_buf, UART7_MAX_BUF);                      // 因为是使用DMA接收数据，CPU读之前先清Dcache
                                 ^~~~~~~~~
../Drivers/CMSIS/Include\core_cm7.h(2512): note: passing argument to parameter 'addr' here
__STATIC_FORCEINLINE void SCB_InvalidateDCache_by_Addr (void *addr, int32_t dsize)
                                                              ^
../USB_DEVICE/App/usbd_cdc_if.c(364): warning: passing 'volatile uint8_t *' (aka 'volatile unsigned char *') to parameter of type 'uint8_t *' (aka 'unsigned char *') discards qualifiers [-Wincompatible-pointer-types-discards-qualifiers]
      CDC_Transmit_FS(&uart7_buf[trans_pointer], UART7_MAX_BUF - trans_pointer); // 发送未溢出部分
                      ^~~~~~~~~~~~~~~~~~~~~~~~~
../USB_DEVICE/App/usbd_cdc_if.c(286): note: passing argument to parameter 'Buf' here
uint8_t CDC_Transmit_FS(uint8_t *Buf, uint16_t Len)
                                 ^
../USB_DEVICE/App/usbd_cdc_if.c(370): warning: passing 'volatile uint8_t *' (aka 'volatile unsigned char *') to parameter of type 'uint8_t *' (aka 'unsigned char *') discards qualifiers [-Wincompatible-pointer-types-discards-qualifiers]
      CDC_Transmit_FS(&uart7_buf[trans_pointer], real_size);                     // 发送所有接受到的数据
                      ^~~~~~~~~~~~~~~~~~~~~~~~~
../USB_DEVICE/App/usbd_cdc_if.c(286): note: passing argument to parameter 'Buf' here
uint8_t CDC_Transmit_FS(uint8_t *Buf, uint16_t Len)
                                 ^
7 warnings generated.
compiling usbd_cdc_if.c...
compiling usbd_conf.c...
compiling usbd_ioreq.c...
compiling usbd_ctlreq.c...
compiling img_benchmark_cogwheel_alpha16.c...
compiling usbd_core.c...
compiling img_benchmark_cogwheel_argb.c...
compiling img_benchmark_cogwheel_indexed16.c...
compiling usbd_cdc.c...
compiling lv_demo_benchmark.c...
compiling img_benchmark_cogwheel_chroma_keyed.c...
compiling lv_font_bechmark_montserrat_12_compr_az.c.c...
compiling lv_font_bechmark_montserrat_16_compr_az.c.c...
compiling img_benchmark_cogwheel_rgb.c...
compiling lv_font_bechmark_montserrat_28_compr_az.c.c...
compiling lv_demo_music.c...
compiling img_lv_demo_music_btn_corner_large.c...
compiling img_benchmark_cogwheel_rgb565a8.c...
compiling img_lv_demo_music_btn_list_pause_large.c...
compiling lv_demo_music_list.c...
compiling img_lv_demo_music_btn_list_pause.c...
compiling img_lv_demo_music_btn_loop.c...
compiling img_lv_demo_music_btn_list_play.c...
compiling img_lv_demo_music_btn_list_play_large.c...
compiling lv_demo_music_main.c...
compiling img_lv_demo_music_btn_next_large.c...
compiling img_lv_demo_music_btn_loop_large.c...
compiling img_lv_demo_music_btn_pause_large.c...
compiling img_lv_demo_music_btn_next.c...
compiling img_lv_demo_music_btn_pause.c...
compiling img_lv_demo_music_btn_play_large.c...
compiling img_lv_demo_music_btn_play.c...
compiling img_lv_demo_music_btn_prev_large.c...
compiling img_lv_demo_music_btn_rnd.c...
compiling img_lv_demo_music_btn_prev.c...
compiling img_lv_demo_music_btn_rnd_large.c...
compiling img_lv_demo_music_corner_left.c...
compiling img_lv_demo_music_corner_left_large.c...
compiling img_lv_demo_music_corner_right_large.c...
compiling img_lv_demo_music_corner_right.c...
compiling img_lv_demo_music_cover_1_large.c...
compiling img_lv_demo_music_cover_1.c...
compiling img_lv_demo_music_icon_1.c...
compiling img_lv_demo_music_cover_2.c...
compiling img_lv_demo_music_icon_2.c...
compiling img_lv_demo_music_cover_3_large.c...
compiling img_lv_demo_music_icon_2_large.c...
compiling img_lv_demo_music_cover_2_large.c...
compiling img_lv_demo_music_icon_3.c...
compiling img_lv_demo_music_cover_3.c...
compiling img_lv_demo_music_icon_3_large.c...
compiling img_lv_demo_music_icon_4.c...
compiling img_lv_demo_music_list_border.c...
compiling img_lv_demo_music_icon_4_large.c...
compiling img_lv_demo_music_list_border_large.c...
compiling img_lv_demo_music_logo.c...
compiling img_lv_demo_music_slider_knob.c...
compiling img_lv_demo_music_icon_1_large.c...
compiling img_lv_demo_music_wave_bottom.c...
compiling img_lv_demo_music_slider_knob_large.c...
compiling img_lv_demo_music_wave_bottom_large.c...
compiling img_lv_demo_music_wave_top_large.c...
compiling DMX.c...
compiling img_lv_demo_music_wave_top.c...
compiling FT5436.c...
compiling SysTemp.c...
compiling GT9xx.c...
compiling RS485.c...
../User/RTC_SD3078.c(81): warning: non-void function does not return a value in all control paths [-Wreturn-type]
}
^
1 warning generated.
compiling RTC_SD3078.c...
compiling Soft_iic.c...
compiling CircuQueue.c...
linking...
Program Size: Code=196488 RO-data=60932 RW-data=968 ZI-data=324376  
FromELF: creating hex file...
"H750IB\H750IB.axf" - 0 Error(s), 22 Warning(s).

<h2>Software Packages used:</h2>

Package Vendor: ARM
                http://www.keil.com/pack/ARM.CMSIS.5.7.0.pack
                ARM.CMSIS.5.7.0
                CMSIS (Cortex Microcontroller Software Interface Standard)
   * Component: CORE Version: 5.4.0

Package Vendor: Keil
                http://www.keil.com/pack/Keil.STM32H7xx_DFP.2.7.0.pack
                Keil.STM32H7xx_DFP.2.7.0
                STMicroelectronics STM32H7 Series Device Support and Examples

<h2>Collection of Component include folders:</h2>
  .\RTE\_H750IB
  D:\Users\SYH\AppData\Local\Arm\Packs\ARM\CMSIS\5.7.0\CMSIS\Core\Include
  D:\Users\SYH\AppData\Local\Arm\Packs\Keil\STM32H7xx_DFP\2.7.0\Drivers\CMSIS\Device\ST\STM32H7xx\Include

<h2>Collection of Component Files used:</h2>

   * Component: ARM::CMSIS:CORE:5.4.0
      Include file:  CMSIS\Core\Include\tz_context.h
Build Time Elapsed:  00:00:16
</pre>
</body>
</html>
