Component: ARM Compiler 6.14 Tool: armlink [5db06800]

==============================================================================

Section Cross References

    startup_stm32h750xx.o(RESET) refers to startup_stm32h750xx.o(STACK) for __initial_sp
    startup_stm32h750xx.o(RESET) refers to startup_stm32h750xx.o(.text) for Reset_Handler
    startup_stm32h750xx.o(RESET) refers to stm32h7xx_it.o(.text.NMI_Handler) for NMI_Handler
    startup_stm32h750xx.o(RESET) refers to stm32h7xx_it.o(.text.HardFault_Handler) for HardFault_Handler
    startup_stm32h750xx.o(RESET) refers to stm32h7xx_it.o(.text.MemManage_Handler) for MemManage_Handler
    startup_stm32h750xx.o(RESET) refers to stm32h7xx_it.o(.text.BusFault_Handler) for BusFault_Handler
    startup_stm32h750xx.o(RESET) refers to stm32h7xx_it.o(.text.UsageFault_Handler) for UsageFault_Handler
    startup_stm32h750xx.o(RESET) refers to stm32h7xx_it.o(.text.SVC_Handler) for SVC_Handler
    startup_stm32h750xx.o(RESET) refers to stm32h7xx_it.o(.text.DebugMon_Handler) for DebugMon_Handler
    startup_stm32h750xx.o(RESET) refers to stm32h7xx_it.o(.text.PendSV_Handler) for PendSV_Handler
    startup_stm32h750xx.o(RESET) refers to stm32h7xx_it.o(.text.SysTick_Handler) for SysTick_Handler
    startup_stm32h750xx.o(RESET) refers to stm32h7xx_it.o(.text.DMA1_Stream0_IRQHandler) for DMA1_Stream0_IRQHandler
    startup_stm32h750xx.o(RESET) refers to stm32h7xx_it.o(.text.UART7_IRQHandler) for UART7_IRQHandler
    startup_stm32h750xx.o(RESET) refers to stm32h7xx_it.o(.text.OTG_FS_IRQHandler) for OTG_FS_IRQHandler
    startup_stm32h750xx.o(.text) refers to system_stm32h7xx.o(.text.SystemInit) for SystemInit
    startup_stm32h750xx.o(.text) refers to entry.o(.ARM.Collect$$$$00000000) for __main
    qspi_w25q64.o(.text.HAL_QSPI_MspInit) refers to memseta.o(.text) for __aeabi_memclr4
    qspi_w25q64.o(.text.HAL_QSPI_MspInit) refers to stm32h7xx_hal_gpio.o(.text.HAL_GPIO_Init) for HAL_GPIO_Init
    qspi_w25q64.o(.ARM.exidx.text.HAL_QSPI_MspInit) refers to qspi_w25q64.o(.text.HAL_QSPI_MspInit) for [Anonymous Symbol]
    qspi_w25q64.o(.text.MX_QUADSPI_Init) refers to stm32h7xx_hal_qspi.o(.text.HAL_QSPI_DeInit) for HAL_QSPI_DeInit
    qspi_w25q64.o(.text.MX_QUADSPI_Init) refers to stm32h7xx_hal_qspi.o(.text.HAL_QSPI_Init) for HAL_QSPI_Init
    qspi_w25q64.o(.text.MX_QUADSPI_Init) refers to qspi_w25q64.o(.bss.hqspi) for hqspi
    qspi_w25q64.o(.ARM.exidx.text.MX_QUADSPI_Init) refers to qspi_w25q64.o(.text.MX_QUADSPI_Init) for [Anonymous Symbol]
    qspi_w25q64.o(.text.QSPI_W25Qxx_Init) refers to qspi_w25q64.o(.text.MX_QUADSPI_Init) for MX_QUADSPI_Init
    qspi_w25q64.o(.text.QSPI_W25Qxx_Init) refers to qspi_w25q64.o(.text.QSPI_W25Qxx_Reset) for QSPI_W25Qxx_Reset
    qspi_w25q64.o(.text.QSPI_W25Qxx_Init) refers to qspi_w25q64.o(.text.QSPI_W25Qxx_ReadID) for QSPI_W25Qxx_ReadID
    qspi_w25q64.o(.text.QSPI_W25Qxx_Init) refers to printfa.o(i.__0printf) for __2printf
    qspi_w25q64.o(.ARM.exidx.text.QSPI_W25Qxx_Init) refers to qspi_w25q64.o(.text.QSPI_W25Qxx_Init) for [Anonymous Symbol]
    qspi_w25q64.o(.text.QSPI_W25Qxx_Reset) refers to stm32h7xx_hal_qspi.o(.text.HAL_QSPI_Command) for HAL_QSPI_Command
    qspi_w25q64.o(.text.QSPI_W25Qxx_Reset) refers to qspi_w25q64.o(.text.QSPI_W25Qxx_AutoPollingMemReady) for QSPI_W25Qxx_AutoPollingMemReady
    qspi_w25q64.o(.text.QSPI_W25Qxx_Reset) refers to qspi_w25q64.o(.bss.hqspi) for hqspi
    qspi_w25q64.o(.ARM.exidx.text.QSPI_W25Qxx_Reset) refers to qspi_w25q64.o(.text.QSPI_W25Qxx_Reset) for [Anonymous Symbol]
    qspi_w25q64.o(.text.QSPI_W25Qxx_ReadID) refers to stm32h7xx_hal_qspi.o(.text.HAL_QSPI_Command) for HAL_QSPI_Command
    qspi_w25q64.o(.text.QSPI_W25Qxx_ReadID) refers to stm32h7xx_hal_qspi.o(.text.HAL_QSPI_Receive) for HAL_QSPI_Receive
    qspi_w25q64.o(.text.QSPI_W25Qxx_ReadID) refers to qspi_w25q64.o(.bss.hqspi) for hqspi
    qspi_w25q64.o(.ARM.exidx.text.QSPI_W25Qxx_ReadID) refers to qspi_w25q64.o(.text.QSPI_W25Qxx_ReadID) for [Anonymous Symbol]
    qspi_w25q64.o(.text.QSPI_W25Qxx_AutoPollingMemReady) refers to stm32h7xx_hal_qspi.o(.text.HAL_QSPI_AutoPolling) for HAL_QSPI_AutoPolling
    qspi_w25q64.o(.text.QSPI_W25Qxx_AutoPollingMemReady) refers to qspi_w25q64.o(.bss.hqspi) for hqspi
    qspi_w25q64.o(.ARM.exidx.text.QSPI_W25Qxx_AutoPollingMemReady) refers to qspi_w25q64.o(.text.QSPI_W25Qxx_AutoPollingMemReady) for [Anonymous Symbol]
    qspi_w25q64.o(.text.QSPI_W25Qxx_MemoryMappedMode) refers to qspi_w25q64.o(.text.QSPI_W25Qxx_Reset) for QSPI_W25Qxx_Reset
    qspi_w25q64.o(.text.QSPI_W25Qxx_MemoryMappedMode) refers to stm32h7xx_hal_qspi.o(.text.HAL_QSPI_MemoryMapped) for HAL_QSPI_MemoryMapped
    qspi_w25q64.o(.text.QSPI_W25Qxx_MemoryMappedMode) refers to qspi_w25q64.o(.bss.hqspi) for hqspi
    qspi_w25q64.o(.ARM.exidx.text.QSPI_W25Qxx_MemoryMappedMode) refers to qspi_w25q64.o(.text.QSPI_W25Qxx_MemoryMappedMode) for [Anonymous Symbol]
[...]
    [Anonymous Symbol]                       0x08008376   Section        0  usbd_dfu_if.o(.rodata.str1.1)
    .data                                    0x24000000   Section        4  stdout.o(.data)
    [Anonymous Symbol]                       0x24000004   Section        0  system_stm32h7xx.o(.data..L_MergedGlobals)
    [Anonymous Symbol]                       0x2400000c   Section        0  stm32h7xx_hal.o(.data..L_MergedGlobals)
    USBD_DFU_CfgDesc                         0x2400006c   Data          27  usbd_dfu.o(.data.USBD_DFU_CfgDesc)
    [Anonymous Symbol]                       0x2400006c   Section        0  usbd_dfu.o(.data.USBD_DFU_CfgDesc)
    USBD_DFU_DeviceQualifierDesc             0x24000088   Data          10  usbd_dfu.o(.data.USBD_DFU_DeviceQualifierDesc)
    [Anonymous Symbol]                       0x24000088   Section        0  usbd_dfu.o(.data.USBD_DFU_DeviceQualifierDesc)
    USBD_DFU_GetUsrStringDesc.USBD_StrDesc   0x240000e8   Data         255  usbd_dfu.o(.bss.USBD_DFU_GetUsrStringDesc.USBD_StrDesc)
    [Anonymous Symbol]                       0x240000e8   Section        0  usbd_dfu.o(.bss.USBD_DFU_GetUsrStringDesc.USBD_StrDesc)
    USBD_SetConfig.cfgidx                    0x240001e7   Data           1  usbd_ctlreq.o(.bss.USBD_SetConfig.cfgidx)
    [Anonymous Symbol]                       0x240001e7   Section        0  usbd_ctlreq.o(.bss.USBD_SetConfig.cfgidx)
    USBD_static_malloc.mem                   0x240005e8   Data        1056  usbd_conf.o(.bss.USBD_static_malloc.mem)
    [Anonymous Symbol]                       0x240005e8   Section        0  usbd_conf.o(.bss.USBD_static_malloc.mem)
    STACK                                    0x24001370   Section     2048  startup_stm32h750xx.o(STACK)

    Global Symbols

    Symbol Name                              Value     Ov Type        Size  Object(Section)

    BuildAttributes$$THM_ISAv4$E$P$D$K$B$S$7EM$VFPv5_D16$PE$PLD8$A:L22UL41UL21$X:L11$S22US41US21$IEEE1$IW$~IW$USESV6$~STKCKD$USESV7$~SHL$OSPACE$ROPI$EBA8$MICROLIB$REQ8$PRES8$EABIv2 0x00000000   Number         0  anon$$obj.o ABSOLUTE
    _printf_a                                0x00000000   Number         0  printfstubs.o ABSOLUTE
    _printf_c                                0x00000000   Number         0  printfstubs.o ABSOLUTE
    _printf_charcount                        0x00000000   Number         0  printfstubs.o ABSOLUTE
    _printf_d                                0x00000000   Number         0  printfstubs.o ABSOLUTE
    _printf_e                                0x00000000   Number         0  printfstubs.o ABSOLUTE
    _printf_f                                0x00000000   Number         0  printfstubs.o ABSOLUTE
    _printf_flags                            0x00000000   Number         0  printfstubs.o ABSOLUTE
    _printf_fp_dec                           0x00000000   Number         0  printfstubs.o ABSOLUTE
    _printf_fp_hex                           0x00000000   Number         0  printfstubs.o ABSOLUTE
    _printf_g                                0x00000000   Number         0  printfstubs.o ABSOLUTE
    _printf_i                                0x00000000   Number         0  printfstubs.o ABSOLUTE
    _printf_int_dec                          0x00000000   Number         0  printfstubs.o ABSOLUTE
    _printf_l                                0x00000000   Number         0  printfstubs.o ABSOLUTE
    _printf_lc                               0x00000000   Number         0  printfstubs.o ABSOLUTE
    _printf_ll                               0x00000000   Number         0  printfstubs.o ABSOLUTE
    _printf_lld                              0x00000000   Number         0  printfstubs.o ABSOLUTE
    _printf_lli                              0x00000000   Number         0  printfstubs.o ABSOLUTE
    _printf_llo                              0x00000000   Number         0  printfstubs.o ABSOLUTE
    _printf_llu                              0x00000000   Number         0  printfstubs.o ABSOLUTE
    _printf_llx                              0x00000000   Number         0  printfstubs.o ABSOLUTE
    _printf_longlong_dec                     0x00000000   Number         0  printfstubs.o ABSOLUTE
    _printf_longlong_hex                     0x00000000   Number         0  printfstubs.o ABSOLUTE
    _printf_longlong_oct                     0x00000000   Number         0  printfstubs.o ABSOLUTE
    _printf_ls                               0x00000000   Number         0  printfstubs.o ABSOLUTE
    _printf_mbtowc                           0x00000000   Number         0  printfstubs.o ABSOLUTE
    _printf_n                                0x00000000   Number         0  printfstubs.o ABSOLUTE
    _printf_o                                0x00000000   Number         0  printfstubs.o ABSOLUTE
    _printf_p                                0x00000000   Number         0  printfstubs.o ABSOLUTE
    _printf_percent                          0x00000000   Number         0  printfstubs.o ABSOLUTE
    _printf_pre_padding                      0x00000000   Number         0  printfstubs.o ABSOLUTE
    _printf_return_value                     0x00000000   Number         0  printfstubs.o ABSOLUTE
    _printf_s                                0x00000000   Number         0  printfstubs.o ABSOLUTE
    _printf_sizespec                         0x00000000   Number         0  printfstubs.o ABSOLUTE
    _printf_str                              0x00000000   Number         0  printfstubs.o ABSOLUTE
    _printf_truncate_signed                  0x00000000   Number         0  printfstubs.o ABSOLUTE
    _printf_truncate_unsigned                0x00000000   Number         0  printfstubs.o ABSOLUTE
    _printf_u                                0x00000000   Number         0  printfstubs.o ABSOLUTE
    _printf_wc                               0x00000000   Number         0  printfstubs.o ABSOLUTE
    _printf_wctomb                           0x00000000   Number         0  printfstubs.o ABSOLUTE
    _printf_widthprec                        0x00000000   Number         0  printfstubs.o ABSOLUTE
    _printf_x                                0x00000000   Number         0  printfstubs.o ABSOLUTE
    __cpp_initialize__aeabi_                  - Undefined Weak Reference
    __cxa_finalize                            - Undefined Weak Reference
    __decompress                              - Undefined Weak Reference
    _clock_init                               - Undefined Weak Reference
    _microlib_exit                            - Undefined Weak Reference
    __Vectors_Size                           0x00000298   Number         0  startup_stm32h750xx.o ABSOLUTE
    __Vectors                                0x08000000   Data           4  startup_stm32h750xx.o(RESET)
    __Vectors_End                            0x08000298   Data           0  startup_stm32h750xx.o(RESET)
    __main                                   0x08000299   Thumb Code     0  entry.o(.ARM.Collect$$$$00000000)
    _main_stk                                0x08000299   Thumb Code     0  entry2.o(.ARM.Collect$$$$00000001)
    _main_scatterload                        0x0800029d   Thumb Code     0  entry5.o(.ARM.Collect$$$$00000004)
    __main_after_scatterload                 0x080002a1   Thumb Code     0  entry5.o(.ARM.Collect$$$$00000004)
    _main_clock                              0x080002a1   Thumb Code     0  entry7b.o(.ARM.Collect$$$$00000008)
    _main_cpp_init                           0x080002a1   Thumb Code     0  entry8b.o(.ARM.Collect$$$$0000000A)
    _main_init                               0x080002a1   Thumb Code     0  entry9a.o(.ARM.Collect$$$$0000000B)
    __rt_final_cpp                           0x080002a9   Thumb Code     0  entry10a.o(.ARM.Collect$$$$0000000D)
    __rt_final_exit                          0x080002a9   Thumb Code     0  entry11a.o(.ARM.Collect$$$$0000000F)
    Reset_Handler                            0x080002ad   Thumb Code     8  startup_stm32h750xx.o(.text)
    ADC3_IRQHandler                          0x080002c7   Thumb Code     0  startup_stm32h750xx.o(.text)
    ADC_IRQHandler                           0x080002c7   Thumb Code     0  startup_stm32h750xx.o(.text)
    BDMA_Channel0_IRQHandler                 0x080002c7   Thumb Code     0  startup_stm32h750xx.o(.text)
    BDMA_Channel1_IRQHandler                 0x080002c7   Thumb Code     0  startup_stm32h750xx.o(.text)
    BDMA_Channel2_IRQHandler                 0x080002c7   Thumb Code     0  startup_stm32h750xx.o(.text)
    BDMA_Channel3_IRQHandler                 0x080002c7   Thumb Code     0  startup_stm32h750xx.o(.text)
    BDMA_Channel4_IRQHandler                 0x080002c7   Thumb Code     0  startup_stm32h750xx.o(.text)
    BDMA_Channel5_IRQHandler                 0x080002c7   Thumb Code     0  startup_stm32h750xx.o(.text)
    BDMA_Channel6_IRQHandler                 0x080002c7   Thumb Code     0  startup_stm32h750xx.o(.text)
    BDMA_Channel7_IRQHandler                 0x080002c7   Thumb Code     0  startup_stm32h750xx.o(.text)
    CEC_IRQHandler                           0x080002c7   Thumb Code     0  startup_stm32h750xx.o(.text)
    COMP1_IRQHandler                         0x080002c7   Thumb Code     0  startup_stm32h750xx.o(.text)
    CRS_IRQHandler                           0x080002c7   Thumb Code     0  startup_stm32h750xx.o(.text)
    CRYP_IRQHandler                          0x080002c7   Thumb Code     0  startup_stm32h750xx.o(.text)
    DCMI_IRQHandler                          0x080002c7   Thumb Code     0  startup_stm32h750xx.o(.text)
    DFSDM1_FLT0_IRQHandler                   0x080002c7   Thumb Code     0  startup_stm32h750xx.o(.text)
    DFSDM1_FLT1_IRQHandler                   0x080002c7   Thumb Code     0  startup_stm32h750xx.o(.text)
    DFSDM1_FLT2_IRQHandler                   0x080002c7   Thumb Code     0  startup_stm32h750xx.o(.text)
    DFSDM1_FLT3_IRQHandler                   0x080002c7   Thumb Code     0  startup_stm32h750xx.o(.text)
    DMA1_Stream1_IRQHandler                  0x080002c7   Thumb Code     0  startup_stm32h750xx.o(.text)
    DMA1_Stream2_IRQHandler                  0x080002c7   Thumb Code     0  startup_stm32h750xx.o(.text)
    DMA1_Stream3_IRQHandler                  0x080002c7   Thumb Code     0  startup_stm32h750xx.o(.text)
    DMA1_Stream4_IRQHandler                  0x080002c7   Thumb Code     0  startup_stm32h750xx.o(.text)
    DMA1_Stream5_IRQHandler                  0x080002c7   Thumb Code     0  startup_stm32h750xx.o(.text)
    DMA1_Stream6_IRQHandler                  0x080002c7   Thumb Code     0  startup_stm32h750xx.o(.text)
    DMA1_Stream7_IRQHandler                  0x080002c7   Thumb Code     0  startup_stm32h750xx.o(.text)
    DMA2D_IRQHandler                         0x080002c7   Thumb Code     0  startup_stm32h750xx.o(.text)
    DMA2_Stream0_IRQHandler                  0x080002c7   Thumb Code     0  startup_stm32h750xx.o(.text)
    DMA2_Stream1_IRQHandler                  0x080002c7   Thumb Code     0  startup_stm32h750xx.o(.text)
    DMA2_Stream2_IRQHandler                  0x080002c7   Thumb Code     0  startup_stm32h750xx.o(.text)
    DMA2_Stream3_IRQHandler                  0x080002c7   Thumb Code     0  startup_stm32h750xx.o(.text)
    DMA2_Stream4_IRQHandler                  0x080002c7   Thumb Code     0  startup_stm32h750xx.o(.text)
    DMA2_Stream5_IRQHandler                  0x080002c7   Thumb Code     0  startup_stm32h750xx.o(.text)
    DMA2_Stream6_IRQHandler                  0x080002c7   Thumb Code     0  startup_stm32h750xx.o(.text)
    DMA2_Stream7_IRQHandler                  0x080002c7   Thumb Code     0  startup_stm32h750xx.o(.text)
    DMAMUX1_OVR_IRQHandler                   0x080002c7   Thumb Code     0  startup_stm32h750xx.o(.text)
    DMAMUX2_OVR_IRQHandler                   0x080002c7   Thumb Code     0  startup_stm32h750xx.o(.text)
    ECC_IRQHandler                           0x080002c7   Thumb Code     0  startup_stm32h750xx.o(.text)
    ETH_IRQHandler                           0x080002c7   Thumb Code     0  startup_stm32h750xx.o(.text)
    ETH_WKUP_IRQHandler                      0x080002c7   Thumb Code     0  startup_stm32h750xx.o(.text)
    EXTI0_IRQHandler                         0x080002c7   Thumb Code     0  startup_stm32h750xx.o(.text)
    EXTI15_10_IRQHandler                     0x080002c7   Thumb Code     0  startup_stm32h750xx.o(.text)
    EXTI1_IRQHandler                         0x080002c7   Thumb Code     0  startup_stm32h750xx.o(.text)
    EXTI2_IRQHandler                         0x080002c7   Thumb Code     0  startup_stm32h750xx.o(.text)
    EXTI3_IRQHandler                         0x080002c7   Thumb Code     0  startup_stm32h750xx.o(.text)
    EXTI4_IRQHandler                         0x080002c7   Thumb Code     0  startup_stm32h750xx.o(.text)
    EXTI9_5_IRQHandler                       0x080002c7   Thumb Code     0  startup_stm32h750xx.o(.text)
    FDCAN1_IT0_IRQHandler                    0x080002c7   Thumb Code     0  startup_stm32h750xx.o(.text)
    FDCAN1_IT1_IRQHandler                    0x080002c7   Thumb Code     0  startup_stm32h750xx.o(.text)
    FDCAN2_IT0_IRQHandler                    0x080002c7   Thumb Code     0  startup_stm32h750xx.o(.text)
    FDCAN2_IT1_IRQHandler                    0x080002c7   Thumb Code     0  startup_stm32h750xx.o(.text)
    FDCAN_CAL_IRQHandler                     0x080002c7   Thumb Code     0  startup_stm32h750xx.o(.text)
    FLASH_IRQHandler                         0x080002c7   Thumb Code     0  startup_stm32h750xx.o(.text)
    FMC_IRQHandler                           0x080002c7   Thumb Code     0  startup_stm32h750xx.o(.text)
    FPU_IRQHandler                           0x080002c7   Thumb Code     0  startup_stm32h750xx.o(.text)
    HASH_RNG_IRQHandler                      0x080002c7   Thumb Code     0  startup_stm32h750xx.o(.text)
    HRTIM1_FLT_IRQHandler                    0x080002c7   Thumb Code     0  startup_stm32h750xx.o(.text)
    HRTIM1_Master_IRQHandler                 0x080002c7   Thumb Code     0  startup_stm32h750xx.o(.text)
    HRTIM1_TIMA_IRQHandler                   0x080002c7   Thumb Code     0  startup_stm32h750xx.o(.text)
    HRTIM1_TIMB_IRQHandler                   0x080002c7   Thumb Code     0  startup_stm32h750xx.o(.text)
    HRTIM1_TIMC_IRQHandler                   0x080002c7   Thumb Code     0  startup_stm32h750xx.o(.text)
    HRTIM1_TIMD_IRQHandler                   0x080002c7   Thumb Code     0  startup_stm32h750xx.o(.text)
    HRTIM1_TIME_IRQHandler                   0x080002c7   Thumb Code     0  startup_stm32h750xx.o(.text)
    HSEM1_IRQHandler                         0x080002c7   Thumb Code     0  startup_stm32h750xx.o(.text)
    I2C1_ER_IRQHandler                       0x080002c7   Thumb Code     0  startup_stm32h750xx.o(.text)
    I2C1_EV_IRQHandler                       0x080002c7   Thumb Code     0  startup_stm32h750xx.o(.text)
    I2C2_ER_IRQHandler                       0x080002c7   Thumb Code     0  startup_stm32h750xx.o(.text)
    I2C2_EV_IRQHandler                       0x080002c7   Thumb Code     0  startup_stm32h750xx.o(.text)
    I2C3_ER_IRQHandler                       0x080002c7   Thumb Code     0  startup_stm32h750xx.o(.text)
    I2C3_EV_IRQHandler                       0x080002c7   Thumb Code     0  startup_stm32h750xx.o(.text)
    I2C4_ER_IRQHandler                       0x080002c7   Thumb Code     0  startup_stm32h750xx.o(.text)
    I2C4_EV_IRQHandler                       0x080002c7   Thumb Code     0  startup_stm32h750xx.o(.text)
    JPEG_IRQHandler                          0x080002c7   Thumb Code     0  startup_stm32h750xx.o(.text)
    LPTIM1_IRQHandler                        0x080002c7   Thumb Code     0  startup_stm32h750xx.o(.text)
    LPTIM2_IRQHandler                        0x080002c7   Thumb Code     0  startup_stm32h750xx.o(.text)
    LPTIM3_IRQHandler                        0x080002c7   Thumb Code     0  startup_stm32h750xx.o(.text)
    LPTIM4_IRQHandler                        0x080002c7   Thumb Code     0  startup_stm32h750xx.o(.text)
    LPTIM5_IRQHandler                        0x080002c7   Thumb Code     0  startup_stm32h750xx.o(.text)
    LPUART1_IRQHandler                       0x080002c7   Thumb Code     0  startup_stm32h750xx.o(.text)
    LTDC_ER_IRQHandler                       0x080002c7   Thumb Code     0  startup_stm32h750xx.o(.text)
    LTDC_IRQHandler                          0x080002c7   Thumb Code     0  startup_stm32h750xx.o(.text)
    MDIOS_IRQHandler                         0x080002c7   Thumb Code     0  startup_stm32h750xx.o(.text)
    MDIOS_WKUP_IRQHandler                    0x080002c7   Thumb Code     0  startup_stm32h750xx.o(.text)
    MDMA_IRQHandler                          0x080002c7   Thumb Code     0  startup_stm32h750xx.o(.text)
    OTG_FS_EP1_IN_IRQHandler                 0x080002c7   Thumb Code     0  startup_stm32h750xx.o(.text)
    OTG_FS_EP1_OUT_IRQHandler                0x080002c7   Thumb Code     0  startup_stm32h750xx.o(.text)
    OTG_FS_WKUP_IRQHandler                   0x080002c7   Thumb Code     0  startup_stm32h750xx.o(.text)
    OTG_HS_EP1_IN_IRQHandler                 0x080002c7   Thumb Code     0  startup_stm32h750xx.o(.text)
    OTG_HS_EP1_OUT_IRQHandler                0x080002c7   Thumb Code     0  startup_stm32h750xx.o(.text)
    OTG_HS_IRQHandler                        0x080002c7   Thumb Code     0  startup_stm32h750xx.o(.text)
    OTG_HS_WKUP_IRQHandler                   0x080002c7   Thumb Code     0  startup_stm32h750xx.o(.text)
    PVD_AVD_IRQHandler                       0x080002c7   Thumb Code     0  startup_stm32h750xx.o(.text)
    QUADSPI_IRQHandler                       0x080002c7   Thumb Code     0  startup_stm32h750xx.o(.text)
    RCC_IRQHandler                           0x080002c7   Thumb Code     0  startup_stm32h750xx.o(.text)
    RTC_Alarm_IRQHandler                     0x080002c7   Thumb Code     0  startup_stm32h750xx.o(.text)
    RTC_WKUP_IRQHandler                      0x080002c7   Thumb Code     0  startup_stm32h750xx.o(.text)
    SAI1_IRQHandler                          0x080002c7   Thumb Code     0  startup_stm32h750xx.o(.text)
    SAI2_IRQHandler                          0x080002c7   Thumb Code     0  startup_stm32h750xx.o(.text)
    SAI3_IRQHandler                          0x080002c7   Thumb Code     0  startup_stm32h750xx.o(.text)
    SAI4_IRQHandler                          0x080002c7   Thumb Code     0  startup_stm32h750xx.o(.text)
    SDMMC1_IRQHandler                        0x080002c7   Thumb Code     0  startup_stm32h750xx.o(.text)
    SDMMC2_IRQHandler                        0x080002c7   Thumb Code     0  startup_stm32h750xx.o(.text)
    SPDIF_RX_IRQHandler                      0x080002c7   Thumb Code     0  startup_stm32h750xx.o(.text)
    SPI1_IRQHandler                          0x080002c7   Thumb Code     0  startup_stm32h750xx.o(.text)
    SPI2_IRQHandler                          0x080002c7   Thumb Code     0  startup_stm32h750xx.o(.text)
    SPI3_IRQHandler                          0x080002c7   Thumb Code     0  startup_stm32h750xx.o(.text)
    SPI4_IRQHandler                          0x080002c7   Thumb Code     0  startup_stm32h750xx.o(.text)
    SPI5_IRQHandler                          0x080002c7   Thumb Code     0  startup_stm32h750xx.o(.text)
    SPI6_IRQHandler                          0x080002c7   Thumb Code     0  startup_stm32h750xx.o(.text)
    SWPMI1_IRQHandler                        0x080002c7   Thumb Code     0  startup_stm32h750xx.o(.text)
    TAMP_STAMP_IRQHandler                    0x080002c7   Thumb Code     0  startup_stm32h750xx.o(.text)
    TIM15_IRQHandler                         0x080002c7   Thumb Code     0  startup_stm32h750xx.o(.text)
    TIM16_IRQHandler                         0x080002c7   Thumb Code     0  startup_stm32h750xx.o(.text)
    TIM17_IRQHandler                         0x080002c7   Thumb Code     0  startup_stm32h750xx.o(.text)
    TIM1_BRK_IRQHandler                      0x080002c7   Thumb Code     0  startup_stm32h750xx.o(.text)
    TIM1_CC_IRQHandler                       0x080002c7   Thumb Code     0  startup_stm32h750xx.o(.text)
    TIM1_TRG_COM_IRQHandler                  0x080002c7   Thumb Code     0  startup_stm32h750xx.o(.text)
    TIM1_UP_IRQHandler                       0x080002c7   Thumb Code     0  startup_stm32h750xx.o(.text)
    TIM2_IRQHandler                          0x080002c7   Thumb Code     0  startup_stm32h750xx.o(.text)
    TIM3_IRQHandler                          0x080002c7   Thumb Code     0  startup_stm32h750xx.o(.text)
    TIM4_IRQHandler                          0x080002c7   Thumb Code     0  startup_stm32h750xx.o(.text)
    TIM5_IRQHandler                          0x080002c7   Thumb Code     0  startup_stm32h750xx.o(.text)
    TIM6_DAC_IRQHandler                      0x080002c7   Thumb Code     0  startup_stm32h750xx.o(.text)
    TIM7_IRQHandler                          0x080002c7   Thumb Code     0  startup_stm32h750xx.o(.text)
    TIM8_BRK_TIM12_IRQHandler                0x080002c7   Thumb Code     0  startup_stm32h750xx.o(.text)
    TIM8_CC_IRQHandler                       0x080002c7   Thumb Code     0  startup_stm32h750xx.o(.text)
    TIM8_TRG_COM_TIM14_IRQHandler            0x080002c7   Thumb Code     0  startup_stm32h750xx.o(.text)
    TIM8_UP_TIM13_IRQHandler                 0x080002c7   Thumb Code     0  startup_stm32h750xx.o(.text)
    UART4_IRQHandler                         0x080002c7   Thumb Code     0  startup_stm32h750xx.o(.text)
    UART5_IRQHandler                         0x080002c7   Thumb Code     0  startup_stm32h750xx.o(.text)
    UART8_IRQHandler                         0x080002c7   Thumb Code     0  startup_stm32h750xx.o(.text)
    USART1_IRQHandler                        0x080002c7   Thumb Code     0  startup_stm32h750xx.o(.text)
    USART2_IRQHandler                        0x080002c7   Thumb Code     0  startup_stm32h750xx.o(.text)
    USART3_IRQHandler                        0x080002c7   Thumb Code     0  startup_stm32h750xx.o(.text)
    USART6_IRQHandler                        0x080002c7   Thumb Code     0  startup_stm32h750xx.o(.text)
    WAKEUP_PIN_IRQHandler                    0x080002c7   Thumb Code     0  startup_stm32h750xx.o(.text)
    WWDG_IRQHandler                          0x080002c7   Thumb Code     0  startup_stm32h750xx.o(.text)
    __aeabi_uldivmod                         0x080002d1   Thumb Code    98  uldiv.o(.text)
    __aeabi_memset                           0x08000333   Thumb Code    14  memseta.o(.text)
    __aeabi_memset4                          0x08000333   Thumb Code     0  memseta.o(.text)
    __aeabi_memset8                          0x08000333   Thumb Code     0  memseta.o(.text)
    __aeabi_memclr                           0x08000341   Thumb Code     4  memseta.o(.text)
    __aeabi_memclr4                          0x08000341   Thumb Code     0  memseta.o(.text)
    __aeabi_memclr8                          0x08000341   Thumb Code     0  memseta.o(.text)
    _memset$wrapper                          0x08000345   Thumb Code    18  memseta.o(.text)
    __aeabi_uidiv                            0x08000357   Thumb Code     0  uidiv.o(.text)
    __aeabi_uidivmod                         0x08000357   Thumb Code    44  uidiv.o(.text)
    __aeabi_llsl                             0x08000383   Thumb Code    30  llshl.o(.text)
    _ll_shift_l                              0x08000383   Thumb Code     0  llshl.o(.text)
    __aeabi_llsr                             0x080003a1   Thumb Code    32  llushr.o(.text)
    _ll_ushift_r                             0x080003a1   Thumb Code     0  llushr.o(.text)
    __I$use$fp                               0x080003c1   Thumb Code     0  iusefp.o(.text)
    __aeabi_dadd                             0x080003c1   Thumb Code   322  dadd.o(.text)
    __aeabi_dsub                             0x08000503   Thumb Code     6  dadd.o(.text)
    __aeabi_drsub                            0x08000509   Thumb Code     6  dadd.o(.text)
    __aeabi_dmul                             0x0800050f   Thumb Code   228  dmul.o(.text)
    __aeabi_ddiv                             0x080005f3   Thumb Code   222  ddiv.o(.text)
    __aeabi_d2ulz                            0x080006d1   Thumb Code    48  dfixul.o(.text)
    __aeabi_cdrcmple                         0x08000701   Thumb Code    48  cdrcmple.o(.text)
    __scatterload                            0x08000731   Thumb Code    28  init.o(.text)
    __scatterload_rt2                        0x08000731   Thumb Code     0  init.o(.text)
    __aeabi_lasr                             0x08000755   Thumb Code    36  llsshr.o(.text)
    _ll_sshift_r                             0x08000755   Thumb Code     0  llsshr.o(.text)
    _double_round                            0x08000779   Thumb Code    30  depilogue.o(.text)
    _double_epilogue                         0x08000797   Thumb Code   156  depilogue.o(.text)
    BusFault_Handler                         0x08000833   Thumb Code     2  stm32h7xx_it.o(.text.BusFault_Handler)
    DMA1_Stream0_IRQHandler                  0x08000835   Thumb Code    12  stm32h7xx_it.o(.text.DMA1_Stream0_IRQHandler)
    DebugMon_Handler                         0x08000a31   Thumb Code     2  stm32h7xx_it.o(.text.DebugMon_Handler)
    Error_Handler                            0x08000a33   Thumb Code     8  main.o(.text.Error_Handler)
    FLASH_Erase_Sector                       0x08000a3d   Thumb Code    68  stm32h7xx_hal_flash_ex.o(.text.FLASH_Erase_Sector)
    FLASH_WaitForLastOperation               0x08000b01   Thumb Code   180  stm32h7xx_hal_flash.o(.text.FLASH_WaitForLastOperation)
    HAL_DMA_Abort                            0x08000bb5   Thumb Code   880  stm32h7xx_hal_dma.o(.text.HAL_DMA_Abort)
    HAL_DMA_Abort_IT                         0x08000f25   Thumb Code   468  stm32h7xx_hal_dma.o(.text.HAL_DMA_Abort_IT)
    HAL_DMA_IRQHandler                       0x080010f9   Thumb Code  1376  stm32h7xx_hal_dma.o(.text.HAL_DMA_IRQHandler)
    HAL_DMA_Init                             0x08001659   Thumb Code   920  stm32h7xx_hal_dma.o(.text.HAL_DMA_Init)
    HAL_Delay                                0x080019f1   Thumb Code    36  stm32h7xx_hal.o(.text.HAL_Delay)
    HAL_FLASHEx_Erase                        0x08001a15   Thumb Code   296  stm32h7xx_hal_flash_ex.o(.text.HAL_FLASHEx_Erase)
    HAL_FLASH_Lock                           0x08001b3d   Thumb Code    40  stm32h7xx_hal_flash.o(.text.HAL_FLASH_Lock)
    HAL_FLASH_Program                        0x08001b65   Thumb Code   168  stm32h7xx_hal_flash.o(.text.HAL_FLASH_Program)
    HAL_FLASH_Unlock                         0x08001c0d   Thumb Code    72  stm32h7xx_hal_flash.o(.text.HAL_FLASH_Unlock)
    HAL_GPIO_Init                            0x08001c55   Thumb Code   400  stm32h7xx_hal_gpio.o(.text.HAL_GPIO_Init)
    HAL_GPIO_ReadPin                         0x08001de5   Thumb Code    10  stm32h7xx_hal_gpio.o(.text.HAL_GPIO_ReadPin)
    HAL_GetREVID                             0x08001df1   Thumb Code    12  stm32h7xx_hal.o(.text.HAL_GetREVID)
    HAL_GetTick                              0x08001dfd   Thumb Code     8  stm32h7xx_hal.o(.text.HAL_GetTick)
    HAL_IncTick                              0x08001e05   Thumb Code    20  stm32h7xx_hal.o(.text.HAL_IncTick)
    HAL_Init                                 0x08001e19   Thumb Code    84  stm32h7xx_hal.o(.text.HAL_Init)
    HAL_InitTick                             0x08001e6d   Thumb Code    72  stm32h7xx_hal.o(.text.HAL_InitTick)
    HAL_MPU_ConfigRegion                     0x08001eb5   Thumb Code    76  stm32h7xx_hal_cortex.o(.text.HAL_MPU_ConfigRegion)
    HAL_MPU_Disable                          0x08001f01   Thumb Code    20  stm32h7xx_hal_cortex.o(.text.HAL_MPU_Disable)
    HAL_MPU_Enable                           0x08001f15   Thumb Code    32  stm32h7xx_hal_cortex.o(.text.HAL_MPU_Enable)
    HAL_MspInit                              0x08001f35   Thumb Code    32  stm32h7xx_hal_msp.o(.text.HAL_MspInit)
    HAL_NVIC_EnableIRQ                       0x08001f55   Thumb Code    28  stm32h7xx_hal_cortex.o(.text.HAL_NVIC_EnableIRQ)
    HAL_NVIC_SetPriority                     0x08001f71   Thumb Code    56  stm32h7xx_hal_cortex.o(.text.HAL_NVIC_SetPriority)
    HAL_NVIC_SetPriorityGrouping             0x08001fa9   Thumb Code    32  stm32h7xx_hal_cortex.o(.text.HAL_NVIC_SetPriorityGrouping)
    HAL_PCDEx_ActivateLPM                    0x08001fc9   Thumb Code    40  stm32h7xx_hal_pcd_ex.o(.text.HAL_PCDEx_ActivateLPM)
    HAL_PCDEx_LPM_Callback                   0x08001ff1   Thumb Code     2  stm32h7xx_hal_pcd_ex.o(.text.HAL_PCDEx_LPM_Callback)
    HAL_PCDEx_SetRxFiFo                      0x08001ff3   Thumb Code     8  stm32h7xx_hal_pcd_ex.o(.text.HAL_PCDEx_SetRxFiFo)
    HAL_PCDEx_SetTxFiFo                      0x08001ffb   Thumb Code    64  stm32h7xx_hal_pcd_ex.o(.text.HAL_PCDEx_SetTxFiFo)
    HAL_PCD_ConnectCallback                  0x0800203b   Thumb Code     8  usbd_conf.o(.text.HAL_PCD_ConnectCallback)
    HAL_PCD_DataInStageCallback              0x08002043   Thumb Code    18  usbd_conf.o(.text.HAL_PCD_DataInStageCallback)
    HAL_PCD_DataOutStageCallback             0x08002055   Thumb Code    20  usbd_conf.o(.text.HAL_PCD_DataOutStageCallback)
    HAL_PCD_DisconnectCallback               0x08002069   Thumb Code     8  usbd_conf.o(.text.HAL_PCD_DisconnectCallback)
    HAL_PCD_EP_Abort                         0x08002071   Thumb Code    32  stm32h7xx_hal_pcd.o(.text.HAL_PCD_EP_Abort)
    HAL_PCD_EP_ClrStall                      0x08002091   Thumb Code    90  stm32h7xx_hal_pcd.o(.text.HAL_PCD_EP_ClrStall)
    HAL_PCD_EP_Open                          0x080020eb   Thumb Code    92  stm32h7xx_hal_pcd.o(.text.HAL_PCD_EP_Open)
    HAL_PCD_EP_Receive                       0x08002147   Thumb Code    56  stm32h7xx_hal_pcd.o(.text.HAL_PCD_EP_Receive)
    HAL_PCD_EP_SetStall                      0x0800217f   Thumb Code   110  stm32h7xx_hal_pcd.o(.text.HAL_PCD_EP_SetStall)
    HAL_PCD_EP_Transmit                      0x080021ed   Thumb Code    52  stm32h7xx_hal_pcd.o(.text.HAL_PCD_EP_Transmit)
    HAL_PCD_IRQHandler                       0x08002221   Thumb Code  1866  stm32h7xx_hal_pcd.o(.text.HAL_PCD_IRQHandler)
    HAL_PCD_ISOINIncompleteCallback          0x0800296b   Thumb Code     8  usbd_conf.o(.text.HAL_PCD_ISOINIncompleteCallback)
    HAL_PCD_ISOOUTIncompleteCallback         0x08002973   Thumb Code     8  usbd_conf.o(.text.HAL_PCD_ISOOUTIncompleteCallback)
    HAL_PCD_Init                             0x0800297b   Thumb Code   324  stm32h7xx_hal_pcd.o(.text.HAL_PCD_Init)
    HAL_PCD_MspInit                          0x08002ac1   Thumb Code   180  usbd_conf.o(.text.HAL_PCD_MspInit)
    HAL_PCD_ResetCallback                    0x08002b75   Thumb Code    42  usbd_conf.o(.text.HAL_PCD_ResetCallback)
    HAL_PCD_ResumeCallback                   0x08002b9f   Thumb Code     8  usbd_conf.o(.text.HAL_PCD_ResumeCallback)
    HAL_PCD_SOFCallback                      0x08002ba7   Thumb Code     8  usbd_conf.o(.text.HAL_PCD_SOFCallback)
    HAL_PCD_SetAddress                       0x08002baf   Thumb Code    40  stm32h7xx_hal_pcd.o(.text.HAL_PCD_SetAddress)
    HAL_PCD_SetupStageCallback               0x08002bd7   Thumb Code    14  usbd_conf.o(.text.HAL_PCD_SetupStageCallback)
    HAL_PCD_Start                            0x08002be5   Thumb Code    62  stm32h7xx_hal_pcd.o(.text.HAL_PCD_Start)
    HAL_PCD_Stop                             0x08002c23   Thumb Code    72  stm32h7xx_hal_pcd.o(.text.HAL_PCD_Stop)
    HAL_PCD_SuspendCallback                  0x08002c6d   Thumb Code    48  usbd_conf.o(.text.HAL_PCD_SuspendCallback)
    HAL_PWREx_ConfigSupply                   0x08002c9d   Thumb Code    68  stm32h7xx_hal_pwr_ex.o(.text.HAL_PWREx_ConfigSupply)
    HAL_PWREx_EnableUSBVoltageDetector       0x08002ce1   Thumb Code    16  stm32h7xx_hal_pwr_ex.o(.text.HAL_PWREx_EnableUSBVoltageDetector)
    HAL_QSPI_AutoPolling                     0x08002cf1   Thumb Code   160  stm32h7xx_hal_qspi.o(.text.HAL_QSPI_AutoPolling)
    HAL_QSPI_Command                         0x08002d91   Thumb Code   128  stm32h7xx_hal_qspi.o(.text.HAL_QSPI_Command)
    HAL_QSPI_DeInit                          0x08002e11   Thumb Code    36  stm32h7xx_hal_qspi.o(.text.HAL_QSPI_DeInit)
    HAL_QSPI_Init                            0x08002e35   Thumb Code   160  stm32h7xx_hal_qspi.o(.text.HAL_QSPI_Init)
    HAL_QSPI_MemoryMapped                    0x08002ed5   Thumb Code   128  stm32h7xx_hal_qspi.o(.text.HAL_QSPI_MemoryMapped)
    HAL_QSPI_MspDeInit                       0x08002f55   Thumb Code     2  stm32h7xx_hal_qspi.o(.text.HAL_QSPI_MspDeInit)
    HAL_QSPI_MspInit                         0x08002f59   Thumb Code   304  qspi_w25q64.o(.text.HAL_QSPI_MspInit)
    HAL_QSPI_Receive                         0x08003089   Thumb Code   192  stm32h7xx_hal_qspi.o(.text.HAL_QSPI_Receive)
    HAL_QSPI_Transmit                        0x08003149   Thumb Code   186  stm32h7xx_hal_qspi.o(.text.HAL_QSPI_Transmit)
    HAL_RCCEx_GetD3PCLK1Freq                 0x08003205   Thumb Code    36  stm32h7xx_hal_rcc_ex.o(.text.HAL_RCCEx_GetD3PCLK1Freq)
    HAL_RCCEx_GetPLL2ClockFreq               0x08003229   Thumb Code   264  stm32h7xx_hal_rcc_ex.o(.text.HAL_RCCEx_GetPLL2ClockFreq)
    HAL_RCCEx_GetPLL3ClockFreq               0x08003331   Thumb Code   264  stm32h7xx_hal_rcc_ex.o(.text.HAL_RCCEx_GetPLL3ClockFreq)
    HAL_RCCEx_PeriphCLKConfig                0x08003439   Thumb Code  2416  stm32h7xx_hal_rcc_ex.o(.text.HAL_RCCEx_PeriphCLKConfig)
    HAL_RCC_ClockConfig                      0x08003da9   Thumb Code   536  stm32h7xx_hal_rcc.o(.text.HAL_RCC_ClockConfig)
    HAL_RCC_GetHCLKFreq                      0x08003fc1   Thumb Code    60  stm32h7xx_hal_rcc.o(.text.HAL_RCC_GetHCLKFreq)
    HAL_RCC_GetPCLK1Freq                     0x08003ffd   Thumb Code    28  stm32h7xx_hal_rcc.o(.text.HAL_RCC_GetPCLK1Freq)
    HAL_RCC_GetPCLK2Freq                     0x08004019   Thumb Code    36  stm32h7xx_hal_rcc.o(.text.HAL_RCC_GetPCLK2Freq)
    HAL_RCC_GetSysClockFreq                  0x0800403d   Thumb Code   244  stm32h7xx_hal_rcc.o(.text.HAL_RCC_GetSysClockFreq)
    HAL_RCC_OscConfig                        0x08004131   Thumb Code  1288  stm32h7xx_hal_rcc.o(.text.HAL_RCC_OscConfig)
    HAL_SYSTICK_Config                       0x08004639   Thumb Code    40  stm32h7xx_hal_cortex.o(.text.HAL_SYSTICK_Config)
    HAL_UARTEx_DisableFifoMode               0x08004661   Thumb Code    54  stm32h7xx_hal_uart_ex.o(.text.HAL_UARTEx_DisableFifoMode)
    HAL_UARTEx_RxEventCallback               0x08004697   Thumb Code     2  stm32h7xx_hal_uart.o(.text.HAL_UARTEx_RxEventCallback)
    HAL_UARTEx_RxFifoFullCallback            0x08004699   Thumb Code     2  stm32h7xx_hal_uart_ex.o(.text.HAL_UARTEx_RxFifoFullCallback)
    HAL_UARTEx_SetRxFifoThreshold            0x0800469b   Thumb Code    74  stm32h7xx_hal_uart_ex.o(.text.HAL_UARTEx_SetRxFifoThreshold)
    HAL_UARTEx_SetTxFifoThreshold            0x080046e5   Thumb Code    74  stm32h7xx_hal_uart_ex.o(.text.HAL_UARTEx_SetTxFifoThreshold)
    HAL_UARTEx_TxFifoEmptyCallback           0x0800472f   Thumb Code     2  stm32h7xx_hal_uart_ex.o(.text.HAL_UARTEx_TxFifoEmptyCallback)
    HAL_UARTEx_WakeupCallback                0x08004731   Thumb Code     2  stm32h7xx_hal_uart_ex.o(.text.HAL_UARTEx_WakeupCallback)
    HAL_UART_ErrorCallback                   0x08004733   Thumb Code     2  stm32h7xx_hal_uart.o(.text.HAL_UART_ErrorCallback)
    HAL_UART_IRQHandler                      0x08004735   Thumb Code   792  stm32h7xx_hal_uart.o(.text.HAL_UART_IRQHandler)
    HAL_UART_Init                            0x08004a4d   Thumb Code   100  stm32h7xx_hal_uart.o(.text.HAL_UART_Init)
    HAL_UART_MspInit                         0x08004ab1   Thumb Code   200  usart.o(.text.HAL_UART_MspInit)
    HAL_UART_Transmit                        0x08004b79   Thumb Code   188  stm32h7xx_hal_uart.o(.text.HAL_UART_Transmit)
    HAL_UART_TxCpltCallback                  0x08004c35   Thumb Code     2  stm32h7xx_hal_uart.o(.text.HAL_UART_TxCpltCallback)
    HardFault_Handler                        0x08004c37   Thumb Code     2  stm32h7xx_it.o(.text.HardFault_Handler)
    MX_DMA_Init                              0x08004e09   Thumb Code    48  dma.o(.text.MX_DMA_Init)
    MX_GPIO_Init                             0x08004e39   Thumb Code   204  gpio.o(.text.MX_GPIO_Init)
    MX_QUADSPI_Init                          0x08004f05   Thumb Code    72  qspi_w25q64.o(.text.MX_QUADSPI_Init)
    MX_UART7_Init                            0x08004f4d   Thumb Code   104  usart.o(.text.MX_UART7_Init)
    MX_USB_DEVICE_Init                       0x08004fb5   Thumb Code    84  usb_device.o(.text.MX_USB_DEVICE_Init)
    MemManage_Handler                        0x08005009   Thumb Code     2  stm32h7xx_it.o(.text.MemManage_Handler)
    NMI_Handler                              0x0800500b   Thumb Code     2  stm32h7xx_it.o(.text.NMI_Handler)
    OTG_FS_IRQHandler                        0x0800500d   Thumb Code    12  stm32h7xx_it.o(.text.OTG_FS_IRQHandler)
    PendSV_Handler                           0x08005019   Thumb Code     2  stm32h7xx_it.o(.text.PendSV_Handler)
    QSPI_W25Qxx_AutoPollingMemReady          0x08005179   Thumb Code    80  qspi_w25q64.o(.text.QSPI_W25Qxx_AutoPollingMemReady)
    QSPI_W25Qxx_BlockErase_64K               0x080051c9   Thumb Code    88  qspi_w25q64.o(.text.QSPI_W25Qxx_BlockErase_64K)
    QSPI_W25Qxx_Init                         0x08005221   Thumb Code    60  qspi_w25q64.o(.text.QSPI_W25Qxx_Init)
    QSPI_W25Qxx_MemoryMappedMode             0x0800525d   Thumb Code    80  qspi_w25q64.o(.text.QSPI_W25Qxx_MemoryMappedMode)
    QSPI_W25Qxx_ReadBuffer                   0x080052ad   Thumb Code   104  qspi_w25q64.o(.text.QSPI_W25Qxx_ReadBuffer)
    QSPI_W25Qxx_ReadID                       0x08005315   Thumb Code    96  qspi_w25q64.o(.text.QSPI_W25Qxx_ReadID)
    QSPI_W25Qxx_Reset                        0x08005375   Thumb Code    96  qspi_w25q64.o(.text.QSPI_W25Qxx_Reset)
    QSPI_W25Qxx_WriteBuffer                  0x080053d5   Thumb Code    86  qspi_w25q64.o(.text.QSPI_W25Qxx_WriteBuffer)
    QSPI_W25Qxx_WriteEnable                  0x0800542d   Thumb Code   112  qspi_w25q64.o(.text.QSPI_W25Qxx_WriteEnable)
    QSPI_W25Qxx_WritePage                    0x0800549d   Thumb Code   116  qspi_w25q64.o(.text.QSPI_W25Qxx_WritePage)
    SVC_Handler                              0x08005755   Thumb Code     2  stm32h7xx_it.o(.text.SVC_Handler)
    SysTick_Handler                          0x08005757   Thumb Code     4  stm32h7xx_it.o(.text.SysTick_Handler)
    SystemClock_Config                       0x0800575d   Thumb Code   204  main.o(.text.SystemClock_Config)
    SystemInit                               0x08005829   Thumb Code   176  system_stm32h7xx.o(.text.SystemInit)
    UART7_IRQHandler                         0x080058d9   Thumb Code    12  stm32h7xx_it.o(.text.UART7_IRQHandler)
    UART_AdvFeatureConfig                    0x08005929   Thumb Code   170  stm32h7xx_hal_uart.o(.text.UART_AdvFeatureConfig)
    UART_CheckIdleState                      0x080059d3   Thumb Code   178  stm32h7xx_hal_uart.o(.text.UART_CheckIdleState)
    UART_SetConfig                           0x08005aed   Thumb Code   904  stm32h7xx_hal_uart.o(.text.UART_SetConfig)
    UART_WaitOnFlagUntilTimeout              0x08005e75   Thumb Code   146  stm32h7xx_hal_uart.o(.text.UART_WaitOnFlagUntilTimeout)
    USBD_ClrClassConfig                      0x08005f07   Thumb Code    18  usbd_core.o(.text.USBD_ClrClassConfig)
    USBD_CoreFindEP                          0x08005f19   Thumb Code     4  usbd_core.o(.text.USBD_CoreFindEP)
    USBD_CoreFindIF                          0x08005f1d   Thumb Code     4  usbd_core.o(.text.USBD_CoreFindIF)
    USBD_CtlContinueRx                       0x08005f21   Thumb Code    16  usbd_ioreq.o(.text.USBD_CtlContinueRx)
    USBD_CtlContinueSendData                 0x08005f31   Thumb Code    16  usbd_ioreq.o(.text.USBD_CtlContinueSendData)
    USBD_CtlError                            0x08005f41   Thumb Code    22  usbd_ctlreq.o(.text.USBD_CtlError)
    USBD_CtlPrepareRx                        0x08005f57   Thumb Code    26  usbd_ioreq.o(.text.USBD_CtlPrepareRx)
    USBD_CtlReceiveStatus                    0x08005f71   Thumb Code    22  usbd_ioreq.o(.text.USBD_CtlReceiveStatus)
    USBD_CtlSendData                         0x08005f87   Thumb Code    26  usbd_ioreq.o(.text.USBD_CtlSendData)
    USBD_CtlSendStatus                       0x08005fa1   Thumb Code    22  usbd_ioreq.o(.text.USBD_CtlSendStatus)
    USBD_DFU_RegisterMedia                   0x080061e1   Thumb Code    22  usbd_dfu.o(.text.USBD_DFU_RegisterMedia)
    USBD_FS_ConfigStrDescriptor              0x0800656d   Thumb Code    32  usbd_desc.o(.text.USBD_FS_ConfigStrDescriptor)
    USBD_FS_DeviceDescriptor                 0x0800658d   Thumb Code    12  usbd_desc.o(.text.USBD_FS_DeviceDescriptor)
    USBD_FS_InterfaceStrDescriptor           0x08006599   Thumb Code    36  usbd_desc.o(.text.USBD_FS_InterfaceStrDescriptor)
    USBD_FS_LangIDStrDescriptor              0x080065bd   Thumb Code    12  usbd_desc.o(.text.USBD_FS_LangIDStrDescriptor)
    USBD_FS_ManufacturerStrDescriptor        0x080065c9   Thumb Code    40  usbd_desc.o(.text.USBD_FS_ManufacturerStrDescriptor)
    USBD_FS_ProductStrDescriptor             0x080065f1   Thumb Code    44  usbd_desc.o(.text.USBD_FS_ProductStrDescriptor)
    USBD_FS_SerialStrDescriptor              0x0800661d   Thumb Code    52  usbd_desc.o(.text.USBD_FS_SerialStrDescriptor)
    USBD_GetNextDesc                         0x08006651   Thumb Code    12  usbd_core.o(.text.USBD_GetNextDesc)
    USBD_GetString                           0x0800665d   Thumb Code    58  usbd_ctlreq.o(.text.USBD_GetString)
    USBD_Get_USB_Status                      0x08006699   Thumb Code    24  usbd_conf.o(.text.USBD_Get_USB_Status)
    USBD_Init                                0x080066b1   Thumb Code    40  usbd_core.o(.text.USBD_Init)
    USBD_LL_ClearStallEP                     0x080066d9   Thumb Code    18  usbd_conf.o(.text.USBD_LL_ClearStallEP)
    USBD_LL_DataInStage                      0x080066eb   Thumb Code   174  usbd_core.o(.text.USBD_LL_DataInStage)
    USBD_LL_DataOutStage                     0x08006799   Thumb Code   112  usbd_core.o(.text.USBD_LL_DataOutStage)
    USBD_LL_DevConnected                     0x08006809   Thumb Code     4  usbd_core.o(.text.USBD_LL_DevConnected)
    USBD_LL_DevDisconnected                  0x0800680d   Thumb Code    32  usbd_core.o(.text.USBD_LL_DevDisconnected)
    USBD_LL_Init                             0x0800682d   Thumb Code   100  usbd_conf.o(.text.USBD_LL_Init)
    USBD_LL_IsStallEP                        0x08006891   Thumb Code    32  usbd_conf.o(.text.USBD_LL_IsStallEP)
    USBD_LL_IsoINIncomplete                  0x080068b1   Thumb Code    38  usbd_core.o(.text.USBD_LL_IsoINIncomplete)
    USBD_LL_IsoOUTIncomplete                 0x080068d7   Thumb Code    38  usbd_core.o(.text.USBD_LL_IsoOUTIncomplete)
    USBD_LL_OpenEP                           0x080068fd   Thumb Code    24  usbd_conf.o(.text.USBD_LL_OpenEP)
    USBD_LL_PrepareReceive                   0x08006915   Thumb Code    18  usbd_conf.o(.text.USBD_LL_PrepareReceive)
    USBD_LL_Reset                            0x08006927   Thumb Code    96  usbd_core.o(.text.USBD_LL_Reset)
    USBD_LL_Resume                           0x08006987   Thumb Code    20  usbd_core.o(.text.USBD_LL_Resume)
    USBD_LL_SOF                              0x0800699b   Thumb Code    26  usbd_core.o(.text.USBD_LL_SOF)
    USBD_LL_SetSpeed                         0x080069b5   Thumb Code     6  usbd_core.o(.text.USBD_LL_SetSpeed)
    USBD_LL_SetUSBAddress                    0x080069bb   Thumb Code    18  usbd_conf.o(.text.USBD_LL_SetUSBAddress)
    USBD_LL_SetupStage                       0x080069cd   Thumb Code    96  usbd_core.o(.text.USBD_LL_SetupStage)
    USBD_LL_StallEP                          0x08006a2d   Thumb Code    18  usbd_conf.o(.text.USBD_LL_StallEP)
    USBD_LL_Start                            0x08006a3f   Thumb Code    18  usbd_conf.o(.text.USBD_LL_Start)
    USBD_LL_Stop                             0x08006a51   Thumb Code    18  usbd_conf.o(.text.USBD_LL_Stop)
    USBD_LL_Suspend                          0x08006a63   Thumb Code    26  usbd_core.o(.text.USBD_LL_Suspend)
    USBD_LL_Transmit                         0x08006a7d   Thumb Code    18  usbd_conf.o(.text.USBD_LL_Transmit)
    USBD_ParseSetupRequest                   0x08006a8f   Thumb Code    22  usbd_ctlreq.o(.text.USBD_ParseSetupRequest)
    USBD_RegisterClass                       0x08006aa5   Thumb Code    62  usbd_core.o(.text.USBD_RegisterClass)
    USBD_SetClassConfig                      0x08006ae3   Thumb Code    14  usbd_core.o(.text.USBD_SetClassConfig)
    USBD_Start                               0x08006af1   Thumb Code     4  usbd_core.o(.text.USBD_Start)
    USBD_StdDevReq                           0x08006af5   Thumb Code   768  usbd_ctlreq.o(.text.USBD_StdDevReq)
    USBD_StdEPReq                            0x08006df5   Thumb Code   332  usbd_ctlreq.o(.text.USBD_StdEPReq)
    USBD_StdItfReq                           0x08006f41   Thumb Code   106  usbd_ctlreq.o(.text.USBD_StdItfReq)
    USBD_Stop                                0x08006fab   Thumb Code    26  usbd_core.o(.text.USBD_Stop)
    USBD_static_free                         0x08006fc5   Thumb Code     2  usbd_conf.o(.text.USBD_static_free)
    USBD_static_malloc                       0x08006fc9   Thumb Code     8  usbd_conf.o(.text.USBD_static_malloc)
    USB_ActivateEndpoint                     0x08006fd1   Thumb Code   124  stm32h7xx_ll_usb.o(.text.USB_ActivateEndpoint)
    USB_ActivateSetup                        0x0800704d   Thumb Code    30  stm32h7xx_ll_usb.o(.text.USB_ActivateSetup)
    USB_CoreInit                             0x0800706d   Thumb Code   136  stm32h7xx_ll_usb.o(.text.USB_CoreInit)
    USB_DevConnect                           0x0800713d   Thumb Code    28  stm32h7xx_ll_usb.o(.text.USB_DevConnect)
    USB_DevDisconnect                        0x08007159   Thumb Code    28  stm32h7xx_ll_usb.o(.text.USB_DevDisconnect)
    USB_DevInit                              0x08007175   Thumb Code   392  stm32h7xx_ll_usb.o(.text.USB_DevInit)
    USB_DisableGlobalInt                     0x080072fd   Thumb Code    12  stm32h7xx_ll_usb.o(.text.USB_DisableGlobalInt)
    USB_EP0_OutStart                         0x08007309   Thumb Code    88  stm32h7xx_ll_usb.o(.text.USB_EP0_OutStart)
    USB_EPClearStall                         0x08007361   Thumb Code    48  stm32h7xx_ll_usb.o(.text.USB_EPClearStall)
    USB_EPSetStall                           0x08007391   Thumb Code    54  stm32h7xx_ll_usb.o(.text.USB_EPSetStall)
    USB_EPStartXfer                          0x080073c9   Thumb Code   380  stm32h7xx_ll_usb.o(.text.USB_EPStartXfer)
    USB_EPStopXfer                           0x08007545   Thumb Code   132  stm32h7xx_ll_usb.o(.text.USB_EPStopXfer)
    USB_EnableGlobalInt                      0x080075c9   Thumb Code    12  stm32h7xx_ll_usb.o(.text.USB_EnableGlobalInt)
    USB_FlushRxFifo                          0x080075d5   Thumb Code    64  stm32h7xx_ll_usb.o(.text.USB_FlushRxFifo)
    USB_FlushTxFifo                          0x08007615   Thumb Code    72  stm32h7xx_ll_usb.o(.text.USB_FlushTxFifo)
    USB_GetDevSpeed                          0x0800765d   Thumb Code    28  stm32h7xx_ll_usb.o(.text.USB_GetDevSpeed)
    USB_GetMode                              0x08007679   Thumb Code     8  stm32h7xx_ll_usb.o(.text.USB_GetMode)
    USB_ReadDevAllInEpInterrupt              0x08007681   Thumb Code    14  stm32h7xx_ll_usb.o(.text.USB_ReadDevAllInEpInterrupt)
    USB_ReadDevAllOutEpInterrupt             0x0800768f   Thumb Code    14  stm32h7xx_ll_usb.o(.text.USB_ReadDevAllOutEpInterrupt)
    USB_ReadDevInEPInterrupt                 0x0800769d   Thumb Code    36  stm32h7xx_ll_usb.o(.text.USB_ReadDevInEPInterrupt)
    USB_ReadDevOutEPInterrupt                0x080076c1   Thumb Code    16  stm32h7xx_ll_usb.o(.text.USB_ReadDevOutEPInterrupt)
    USB_ReadInterrupts                       0x080076d1   Thumb Code     8  stm32h7xx_ll_usb.o(.text.USB_ReadInterrupts)
    USB_ReadPacket                           0x080076d9   Thumb Code    54  stm32h7xx_ll_usb.o(.text.USB_ReadPacket)
    USB_SetCurrentMode                       0x0800770f   Thumb Code    98  stm32h7xx_ll_usb.o(.text.USB_SetCurrentMode)
    USB_SetDevAddress                        0x08007771   Thumb Code    32  stm32h7xx_ll_usb.o(.text.USB_SetDevAddress)
    USB_SetTurnaroundTime                    0x08007791   Thumb Code   240  stm32h7xx_ll_usb.o(.text.USB_SetTurnaroundTime)
    USB_WritePacket                          0x08007881   Thumb Code    34  stm32h7xx_ll_usb.o(.text.USB_WritePacket)
    UsageFault_Handler                       0x080078a3   Thumb Code     2  stm32h7xx_it.o(.text.UsageFault_Handler)
    fputc                                    0x080078c5   Thumb Code    24  main.o(.text.fputc)
    jump2app                                 0x080078dd   Thumb Code    64  main.o(.text.jump2app)
    main                                     0x0800791d   Thumb Code   292  main.o(.text.main)
    set_jump2app_flag                        0x08007a41   Thumb Code    12  main.o(.text.set_jump2app_flag)
    __0printf                                0x08007a4d   Thumb Code    22  printfa.o(i.__0printf)
    __1printf                                0x08007a4d   Thumb Code     0  printfa.o(i.__0printf)
    __2printf                                0x08007a4d   Thumb Code     0  printfa.o(i.__0printf)
    __c89printf                              0x08007a4d   Thumb Code     0  printfa.o(i.__0printf)
    printf                                   0x08007a4d   Thumb Code     0  printfa.o(i.__0printf)
    __scatterload_copy                       0x08007a6d   Thumb Code    14  handlers.o(i.__scatterload_copy)
    __scatterload_null                       0x08007a7b   Thumb Code     2  handlers.o(i.__scatterload_null)
    __scatterload_zeroinit                   0x08007a7d   Thumb Code    14  handlers.o(i.__scatterload_zeroinit)
    D1CorePrescTable                         0x0800833e   Data          16  system_stm32h7xx.o(.rodata.D1CorePrescTable)
    UARTPrescTable                           0x0800834e   Data          24  stm32h7xx_hal_uart.o(.rodata.UARTPrescTable)
    Region$$Table$$Base                      0x080083d0   Number         0  anon$$obj.o(Region$$Table)
    Region$$Table$$Limit                     0x080083f0   Number         0  anon$$obj.o(Region$$Table)
    __stdout                                 0x24000000   Data           4  stdout.o(.data)
    SystemCoreClock                          0x24000004   Data           4  system_stm32h7xx.o(.data..L_MergedGlobals)
    SystemD2Clock                            0x24000008   Data           4  system_stm32h7xx.o(.data..L_MergedGlobals)
    uwTickFreq                               0x2400000c   Data           1  stm32h7xx_hal.o(.data..L_MergedGlobals)
    uwTickPrio                               0x24000010   Data           4  stm32h7xx_hal.o(.data..L_MergedGlobals)
    FS_Desc                                  0x24000014   Data          28  usbd_desc.o(.data.FS_Desc)
    USBD_DFU                                 0x24000030   Data          60  usbd_dfu.o(.data.USBD_DFU)
    USBD_DFU_fops_FS                         0x24000094   Data          28  usbd_dfu_if.o(.data.USBD_DFU_fops_FS)
    USBD_FS_DeviceDesc                       0x240000b0   Data          18  usbd_desc.o(.data.USBD_FS_DeviceDesc)
    USBD_LangIDDesc                          0x240000c4   Data           4  usbd_desc.o(.data.USBD_LangIDDesc)
    USBD_StringSerial                        0x240000c8   Data          26  usbd_desc.o(.data.USBD_StringSerial)
    USBD_StrDesc                             0x240001e8   Data        1024  usbd_desc.o(.bss.USBD_StrDesc)
    hUsbDeviceFS                             0x24000a08   Data         732  usb_device.o(.bss.hUsbDeviceFS)
    hdma_uart7_tx                            0x24000ce4   Data         120  usart.o(.bss.hdma_uart7_tx)
    hpcd_USB_OTG_FS                          0x24000d5c   Data        1292  usbd_conf.o(.bss.hpcd_USB_OTG_FS)
    hqspi                                    0x24001268   Data          76  qspi_w25q64.o(.bss.hqspi)
    huart7                                   0x240012b4   Data         148  usart.o(.bss.huart7)
    jump_flag                                0x24001348   Data           1  main.o(.bss.jump_flag)
    pFlash                                   0x2400134c   Data          28  stm32h7xx_hal_flash.o(.bss.pFlash)
    uwTick                                   0x24001368   Data           4  stm32h7xx_hal.o(.bss.uwTick)
    __initial_sp                             0x24001b70   Data           0  startup_stm32h750xx.o(STACK)



==============================================================================

Memory Map of the image

  Image Entry point : 0x08000299

  Load Region LR_IROM1 (Base: 0x08000000, Size: 0x000084d8, Max: 0x00020000, ABSOLUTE)

    Execution Region ER_IROM1 (Exec base: 0x08000000, Load base: 0x08000000, Size: 0x000083f0, Max: 0x00020000, ABSOLUTE)

    Exec Addr    Load Addr    Size         Type   Attr      Idx    E Section Name        Object

    0x08000000   0x08000000   0x00000298   Data   RO            3    RESET               startup_stm32h750xx.o
    0x08000298   0x08000298   0x00000000   Code   RO         1876  * .ARM.Collect$$$$00000000  mc_w.l(entry.o)
    0x08000298   0x08000298   0x00000004   Code   RO         2152    .ARM.Collect$$$$00000001  mc_w.l(entry2.o)
    0x0800029c   0x0800029c   0x00000004   Code   RO         2155    .ARM.Collect$$$$00000004  mc_w.l(entry5.o)
    0x080002a0   0x080002a0   0x00000000   Code   RO         2157    .ARM.Collect$$$$00000008  mc_w.l(entry7b.o)
    0x080002a0   0x080002a0   0x00000000   Code   RO         2159    .ARM.Collect$$$$0000000A  mc_w.l(entry8b.o)
    0x080002a0   0x080002a0   0x00000008   Code   RO         2160    .ARM.Collect$$$$0000000B  mc_w.l(entry9a.o)
    0x080002a8   0x080002a8   0x00000000   Code   RO         2162    .ARM.Collect$$$$0000000D  mc_w.l(entry10a.o)
    0x080002a8   0x080002a8   0x00000000   Code   RO         2164    .ARM.Collect$$$$0000000F  mc_w.l(entry11a.o)
    0x080002a8   0x080002a8   0x00000004   Code   RO         2153    .ARM.Collect$$$$00002712  mc_w.l(entry2.o)
    0x080002ac   0x080002ac   0x00000024   Code   RO            4    .text               startup_stm32h750xx.o
    0x080002d0   0x080002d0   0x00000062   Code   RO         1883    .text               mc_w.l(uldiv.o)
    0x08000332   0x08000332   0x00000024   Code   RO         1887    .text               mc_w.l(memseta.o)
    0x08000356   0x08000356   0x0000002c   Code   RO         2167    .text               mc_w.l(uidiv.o)
    0x08000382   0x08000382   0x0000001e   Code   RO         2169    .text               mc_w.l(llshl.o)
    0x080003a0   0x080003a0   0x00000020   Code   RO         2171    .text               mc_w.l(llushr.o)
    0x080003c0   0x080003c0   0x00000000   Code   RO         2173    .text               mc_w.l(iusefp.o)
    0x080003c0   0x080003c0   0x0000014e   Code   RO         2174    .text               mf_w.l(dadd.o)
    0x0800050e   0x0800050e   0x000000e4   Code   RO         2176    .text               mf_w.l(dmul.o)
    0x080005f2   0x080005f2   0x000000de   Code   RO         2178    .text               mf_w.l(ddiv.o)
    0x080006d0   0x080006d0   0x00000030   Code   RO         2180    .text               mf_w.l(dfixul.o)
    0x08000700   0x08000700   0x00000030   Code   RO         2182    .text               mf_w.l(cdrcmple.o)
    0x08000730   0x08000730   0x00000024   Code   RO         2184    .text               mc_w.l(init.o)
    0x08000754   0x08000754   0x00000024   Code   RO         2186    .text               mc_w.l(llsshr.o)
    0x08000778   0x08000778   0x000000ba   Code   RO         2188    .text               mf_w.l(depilogue.o)
    0x08000832   0x08000832   0x00000002   Code   RO          136    .text.BusFault_Handler  stm32h7xx_it.o
    0x08000834   0x08000834   0x0000000c   Code   RO          148    .text.DMA1_Stream0_IRQHandler  stm32h7xx_it.o
    0x08000840   0x08000840   0x000000e0   Code   RO          746    .text.DMA_CalcBaseAndBitshift  stm32h7xx_hal_dma.o
    0x08000920   0x08000920   0x0000008c   Code   RO          748    .text.DMA_CalcDMAMUXChannelBaseAndMask  stm32h7xx_hal_dma.o
    0x080009ac   0x080009ac   0x00000084   Code   RO          750    .text.DMA_CalcDMAMUXRequestGenBaseAndMask  stm32h7xx_hal_dma.o
    0x08000a30   0x08000a30   0x00000002   Code   RO          142    .text.DebugMon_Handler  stm32h7xx_it.o
    0x08000a32   0x08000a32   0x00000008   Code   RO           66    .text.Error_Handler  main.o
    0x08000a3a   0x08000a3a   0x00000002   PAD
    0x08000a3c   0x08000a3c   0x00000044   Code   RO          664    .text.FLASH_Erase_Sector  stm32h7xx_hal_flash_ex.o
    0x08000a80   0x08000a80   0x00000080   Code   RO          662    .text.FLASH_MassErase  stm32h7xx_hal_flash_ex.o
    0x08000b00   0x08000b00   0x000000b4   Code   RO          625    .text.FLASH_WaitForLastOperation  stm32h7xx_hal_flash.o
    0x08000bb4   0x08000bb4   0x00000370   Code   RO          760    .text.HAL_DMA_Abort  stm32h7xx_hal_dma.o
    0x08000f24   0x08000f24   0x000001d4   Code   RO          762    .text.HAL_DMA_Abort_IT  stm32h7xx_hal_dma.o
    0x080010f8   0x080010f8   0x00000560   Code   RO          766    .text.HAL_DMA_IRQHandler  stm32h7xx_hal_dma.o
    0x08001658   0x08001658   0x00000398   Code   RO          744    .text.HAL_DMA_Init  stm32h7xx_hal_dma.o
    0x080019f0   0x080019f0   0x00000024   Code   RO         1058    .text.HAL_Delay     stm32h7xx_hal.o
    0x08001a14   0x08001a14   0x00000128   Code   RO          660    .text.HAL_FLASHEx_Erase  stm32h7xx_hal_flash_ex.o
    0x08001b3c   0x08001b3c   0x00000028   Code   RO          637    .text.HAL_FLASH_Lock  stm32h7xx_hal_flash.o
    0x08001b64   0x08001b64   0x000000a8   Code   RO          623    .text.HAL_FLASH_Program  stm32h7xx_hal_flash.o
    0x08001c0c   0x08001c0c   0x00000048   Code   RO          635    .text.HAL_FLASH_Unlock  stm32h7xx_hal_flash.o
    0x08001c54   0x08001c54   0x00000190   Code   RO          690    .text.HAL_GPIO_Init  stm32h7xx_hal_gpio.o
    0x08001de4   0x08001de4   0x0000000a   Code   RO          694    .text.HAL_GPIO_ReadPin  stm32h7xx_hal_gpio.o
    0x08001dee   0x08001dee   0x00000002   PAD
    0x08001df0   0x08001df0   0x0000000c   Code   RO         1066    .text.HAL_GetREVID  stm32h7xx_hal.o
    0x08001dfc   0x08001dfc   0x00000008   Code   RO         1050    .text.HAL_GetTick   stm32h7xx_hal.o
    0x08001e04   0x08001e04   0x00000014   Code   RO         1048    .text.HAL_IncTick   stm32h7xx_hal.o
    0x08001e18   0x08001e18   0x00000054   Code   RO         1038    .text.HAL_Init      stm32h7xx_hal.o
    0x08001e6c   0x08001e6c   0x00000048   Code   RO         1040    .text.HAL_InitTick  stm32h7xx_hal.o
    0x08001eb4   0x08001eb4   0x0000004c   Code   RO         1008    .text.HAL_MPU_ConfigRegion  stm32h7xx_hal_cortex.o
    0x08001f00   0x08001f00   0x00000014   Code   RO         1004    .text.HAL_MPU_Disable  stm32h7xx_hal_cortex.o
    0x08001f14   0x08001f14   0x00000020   Code   RO         1006    .text.HAL_MPU_Enable  stm32h7xx_hal_cortex.o
    0x08001f34   0x08001f34   0x00000020   Code   RO          161    .text.HAL_MspInit   stm32h7xx_hal_msp.o
    0x08001f54   0x08001f54   0x0000001c   Code   RO          994    .text.HAL_NVIC_EnableIRQ  stm32h7xx_hal_cortex.o
    0x08001f70   0x08001f70   0x00000038   Code   RO          990    .text.HAL_NVIC_SetPriority  stm32h7xx_hal_cortex.o
    0x08001fa8   0x08001fa8   0x00000020   Code   RO          988    .text.HAL_NVIC_SetPriorityGrouping  stm32h7xx_hal_cortex.o
    0x08001fc8   0x08001fc8   0x00000028   Code   RO          395    .text.HAL_PCDEx_ActivateLPM  stm32h7xx_hal_pcd_ex.o
    0x08001ff0   0x08001ff0   0x00000002   Code   RO          407    .text.HAL_PCDEx_LPM_Callback  stm32h7xx_hal_pcd_ex.o
    0x08001ff2   0x08001ff2   0x00000008   Code   RO          393    .text.HAL_PCDEx_SetRxFiFo  stm32h7xx_hal_pcd_ex.o
    0x08001ffa   0x08001ffa   0x00000040   Code   RO          391    .text.HAL_PCDEx_SetTxFiFo  stm32h7xx_hal_pcd_ex.o
    0x0800203a   0x0800203a   0x00000008   Code   RO          251    .text.HAL_PCD_ConnectCallback  usbd_conf.o
    0x08002042   0x08002042   0x00000012   Code   RO          237    .text.HAL_PCD_DataInStageCallback  usbd_conf.o
    0x08002054   0x08002054   0x00000014   Code   RO          235    .text.HAL_PCD_DataOutStageCallback  usbd_conf.o
    0x08002068   0x08002068   0x00000008   Code   RO          253    .text.HAL_PCD_DisconnectCallback  usbd_conf.o
    0x08002070   0x08002070   0x00000020   Code   RO          343    .text.HAL_PCD_EP_Abort  stm32h7xx_hal_pcd.o
    0x08002090   0x08002090   0x0000005a   Code   RO          371    .text.HAL_PCD_EP_ClrStall  stm32h7xx_hal_pcd.o
    0x080020ea   0x080020ea   0x0000005c   Code   RO          359    .text.HAL_PCD_EP_Open  stm32h7xx_hal_pcd.o
    0x08002146   0x08002146   0x00000038   Code   RO          363    .text.HAL_PCD_EP_Receive  stm32h7xx_hal_pcd.o
    0x0800217e   0x0800217e   0x0000006e   Code   RO          369    .text.HAL_PCD_EP_SetStall  stm32h7xx_hal_pcd.o
    0x080021ec   0x080021ec   0x00000034   Code   RO          367    .text.HAL_PCD_EP_Transmit  stm32h7xx_hal_pcd.o
    0x08002220   0x08002220   0x0000074a   Code   RO          327    .text.HAL_PCD_IRQHandler  stm32h7xx_hal_pcd.o
    0x0800296a   0x0800296a   0x00000008   Code   RO          249    .text.HAL_PCD_ISOINIncompleteCallback  usbd_conf.o
    0x08002972   0x08002972   0x00000008   Code   RO          247    .text.HAL_PCD_ISOOUTIncompleteCallback  usbd_conf.o
    0x0800297a   0x0800297a   0x00000144   Code   RO          315    .text.HAL_PCD_Init  stm32h7xx_hal_pcd.o
    0x08002abe   0x08002abe   0x00000002   PAD
    0x08002ac0   0x08002ac0   0x000000b4   Code   RO          229    .text.HAL_PCD_MspInit  usbd_conf.o
    0x08002b74   0x08002b74   0x0000002a   Code   RO          241    .text.HAL_PCD_ResetCallback  usbd_conf.o
    0x08002b9e   0x08002b9e   0x00000008   Code   RO          245    .text.HAL_PCD_ResumeCallback  usbd_conf.o
    0x08002ba6   0x08002ba6   0x00000008   Code   RO          239    .text.HAL_PCD_SOFCallback  usbd_conf.o
    0x08002bae   0x08002bae   0x00000028   Code   RO          357    .text.HAL_PCD_SetAddress  stm32h7xx_hal_pcd.o
    0x08002bd6   0x08002bd6   0x0000000e   Code   RO          233    .text.HAL_PCD_SetupStageCallback  usbd_conf.o
    0x08002be4   0x08002be4   0x0000003e   Code   RO          323    .text.HAL_PCD_Start  stm32h7xx_hal_pcd.o
    0x08002c22   0x08002c22   0x00000048   Code   RO          325    .text.HAL_PCD_Stop  stm32h7xx_hal_pcd.o
    0x08002c6a   0x08002c6a   0x00000002   PAD
    0x08002c6c   0x08002c6c   0x00000030   Code   RO          243    .text.HAL_PCD_SuspendCallback  usbd_conf.o
    0x08002c9c   0x08002c9c   0x00000044   Code   RO          900    .text.HAL_PWREx_ConfigSupply  stm32h7xx_hal_pwr_ex.o
    0x08002ce0   0x08002ce0   0x00000010   Code   RO          954    .text.HAL_PWREx_EnableUSBVoltageDetector  stm32h7xx_hal_pwr_ex.o
    0x08002cf0   0x08002cf0   0x000000a0   Code   RO         1524    .text.HAL_QSPI_AutoPolling  stm32h7xx_hal_qspi.o
    0x08002d90   0x08002d90   0x00000080   Code   RO         1500    .text.HAL_QSPI_Command  stm32h7xx_hal_qspi.o
    0x08002e10   0x08002e10   0x00000024   Code   RO         1476    .text.HAL_QSPI_DeInit  stm32h7xx_hal_qspi.o
    0x08002e34   0x08002e34   0x000000a0   Code   RO         1468    .text.HAL_QSPI_Init  stm32h7xx_hal_qspi.o
    0x08002ed4   0x08002ed4   0x00000080   Code   RO         1528    .text.HAL_QSPI_MemoryMapped  stm32h7xx_hal_qspi.o
    0x08002f54   0x08002f54   0x00000002   Code   RO         1478    .text.HAL_QSPI_MspDeInit  stm32h7xx_hal_qspi.o
    0x08002f56   0x08002f56   0x00000002   PAD
    0x08002f58   0x08002f58   0x00000130   Code   RO           11    .text.HAL_QSPI_MspInit  qspi_w25q64.o
    0x08003088   0x08003088   0x000000c0   Code   RO         1508    .text.HAL_QSPI_Receive  stm32h7xx_hal_qspi.o
    0x08003148   0x08003148   0x000000ba   Code   RO         1506    .text.HAL_QSPI_Transmit  stm32h7xx_hal_qspi.o
    0x08003202   0x08003202   0x00000002   PAD
    0x08003204   0x08003204   0x00000024   Code   RO          575    .text.HAL_RCCEx_GetD3PCLK1Freq  stm32h7xx_hal_rcc_ex.o
    0x08003228   0x08003228   0x00000108   Code   RO          571    .text.HAL_RCCEx_GetPLL2ClockFreq  stm32h7xx_hal_rcc_ex.o
    0x08003330   0x08003330   0x00000108   Code   RO          573    .text.HAL_RCCEx_GetPLL3ClockFreq  stm32h7xx_hal_rcc_ex.o
    0x08003438   0x08003438   0x00000970   Code   RO          559    .text.HAL_RCCEx_PeriphCLKConfig  stm32h7xx_hal_rcc_ex.o
    0x08003da8   0x08003da8   0x00000218   Code   RO          527    .text.HAL_RCC_ClockConfig  stm32h7xx_hal_rcc.o
    0x08003fc0   0x08003fc0   0x0000003c   Code   RO          537    .text.HAL_RCC_GetHCLKFreq  stm32h7xx_hal_rcc.o
    0x08003ffc   0x08003ffc   0x0000001c   Code   RO          539    .text.HAL_RCC_GetPCLK1Freq  stm32h7xx_hal_rcc.o
    0x08004018   0x08004018   0x00000024   Code   RO          541    .text.HAL_RCC_GetPCLK2Freq  stm32h7xx_hal_rcc.o
    0x0800403c   0x0800403c   0x000000f4   Code   RO          529    .text.HAL_RCC_GetSysClockFreq  stm32h7xx_hal_rcc.o
    0x08004130   0x08004130   0x00000508   Code   RO          525    .text.HAL_RCC_OscConfig  stm32h7xx_hal_rcc.o
    0x08004638   0x08004638   0x00000028   Code   RO         1002    .text.HAL_SYSTICK_Config  stm32h7xx_hal_cortex.o
    0x08004660   0x08004660   0x00000036   Code   RO         1721    .text.HAL_UARTEx_DisableFifoMode  stm32h7xx_hal_uart_ex.o
    0x08004696   0x08004696   0x00000002   Code   RO         1648    .text.HAL_UARTEx_RxEventCallback  stm32h7xx_hal_uart.o
    0x08004698   0x08004698   0x00000002   Code   RO         1705    .text.HAL_UARTEx_RxFifoFullCallback  stm32h7xx_hal_uart_ex.o
    0x0800469a   0x0800469a   0x0000004a   Code   RO         1725    .text.HAL_UARTEx_SetRxFifoThreshold  stm32h7xx_hal_uart_ex.o
    0x080046e4   0x080046e4   0x0000004a   Code   RO         1723    .text.HAL_UARTEx_SetTxFifoThreshold  stm32h7xx_hal_uart_ex.o
    0x0800472e   0x0800472e   0x00000002   Code   RO         1707    .text.HAL_UARTEx_TxFifoEmptyCallback  stm32h7xx_hal_uart_ex.o
    0x08004730   0x08004730   0x00000002   Code   RO         1703    .text.HAL_UARTEx_WakeupCallback  stm32h7xx_hal_uart_ex.o
    0x08004732   0x08004732   0x00000002   Code   RO         1646    .text.HAL_UART_ErrorCallback  stm32h7xx_hal_uart.o
    0x08004734   0x08004734   0x00000318   Code   RO         1642    .text.HAL_UART_IRQHandler  stm32h7xx_hal_uart.o
    0x08004a4c   0x08004a4c   0x00000064   Code   RO         1554    .text.HAL_UART_Init  stm32h7xx_hal_uart.o
    0x08004ab0   0x08004ab0   0x000000c8   Code   RO          116    .text.HAL_UART_MspInit  usart.o
    0x08004b78   0x08004b78   0x000000bc   Code   RO         1574    .text.HAL_UART_Transmit  stm32h7xx_hal_uart.o
    0x08004c34   0x08004c34   0x00000002   Code   RO         1650    .text.HAL_UART_TxCpltCallback  stm32h7xx_hal_uart.o
    0x08004c36   0x08004c36   0x00000002   Code   RO          132    .text.HardFault_Handler  stm32h7xx_it.o
    0x08004c38   0x08004c38   0x00000030   Code   RO          192    .text.IntToUnicode  usbd_desc.o
    0x08004c68   0x08004c68   0x0000000a   Code   RO          209    .text.MEM_If_DeInit_FS  usbd_dfu_if.o
    0x08004c72   0x08004c72   0x00000002   PAD
    0x08004c74   0x08004c74   0x0000009c   Code   RO          211    .text.MEM_If_Erase_FS  usbd_dfu_if.o
    0x08004d10   0x08004d10   0x0000000e   Code   RO          217    .text.MEM_If_GetStatus_FS  usbd_dfu_if.o
    0x08004d1e   0x08004d1e   0x0000000a   Code   RO          207    .text.MEM_If_Init_FS  usbd_dfu_if.o
    0x08004d28   0x08004d28   0x0000002e   Code   RO          215    .text.MEM_If_Read_FS  usbd_dfu_if.o
    0x08004d56   0x08004d56   0x00000002   PAD
    0x08004d58   0x08004d58   0x000000b0   Code   RO          213    .text.MEM_If_Write_FS  usbd_dfu_if.o
    0x08004e08   0x08004e08   0x00000030   Code   RO           86    .text.MX_DMA_Init   dma.o
    0x08004e38   0x08004e38   0x000000cc   Code   RO           78    .text.MX_GPIO_Init  gpio.o
    0x08004f04   0x08004f04   0x00000048   Code   RO           13    .text.MX_QUADSPI_Init  qspi_w25q64.o
    0x08004f4c   0x08004f4c   0x00000068   Code   RO          114    .text.MX_UART7_Init  usart.o
    0x08004fb4   0x08004fb4   0x00000054   Code   RO          169    .text.MX_USB_DEVICE_Init  usb_device.o
    0x08005008   0x08005008   0x00000002   Code   RO          134    .text.MemManage_Handler  stm32h7xx_it.o
    0x0800500a   0x0800500a   0x00000002   Code   RO          130    .text.NMI_Handler   stm32h7xx_it.o
    0x0800500c   0x0800500c   0x0000000c   Code   RO          152    .text.OTG_FS_IRQHandler  stm32h7xx_it.o
    0x08005018   0x08005018   0x00000002   Code   RO          144    .text.PendSV_Handler  stm32h7xx_it.o
    0x0800501a   0x0800501a   0x0000015e   Code   RO         1502    .text.QSPI_Config   stm32h7xx_hal_qspi.o
    0x08005178   0x08005178   0x00000050   Code   RO           21    .text.QSPI_W25Qxx_AutoPollingMemReady  qspi_w25q64.o
    0x080051c8   0x080051c8   0x00000058   Code   RO           31    .text.QSPI_W25Qxx_BlockErase_64K  qspi_w25q64.o
    0x08005220   0x08005220   0x0000003c   Code   RO           15    .text.QSPI_W25Qxx_Init  qspi_w25q64.o
    0x0800525c   0x0800525c   0x00000050   Code   RO           23    .text.QSPI_W25Qxx_MemoryMappedMode  qspi_w25q64.o
    0x080052ac   0x080052ac   0x00000068   Code   RO           39    .text.QSPI_W25Qxx_ReadBuffer  qspi_w25q64.o
    0x08005314   0x08005314   0x00000060   Code   RO           19    .text.QSPI_W25Qxx_ReadID  qspi_w25q64.o
    0x08005374   0x08005374   0x00000060   Code   RO           17    .text.QSPI_W25Qxx_Reset  qspi_w25q64.o
    0x080053d4   0x080053d4   0x00000056   Code   RO           37    .text.QSPI_W25Qxx_WriteBuffer  qspi_w25q64.o
    0x0800542a   0x0800542a   0x00000002   PAD
    0x0800542c   0x0800542c   0x00000070   Code   RO           25    .text.QSPI_W25Qxx_WriteEnable  qspi_w25q64.o
    0x0800549c   0x0800549c   0x00000074   Code   RO           35    .text.QSPI_W25Qxx_WritePage  qspi_w25q64.o
    0x08005510   0x08005510   0x00000052   Code   RO         1474    .text.QSPI_WaitFlagStateUntilTimeout  stm32h7xx_hal_qspi.o
    0x08005562   0x08005562   0x00000002   PAD
    0x08005564   0x08005564   0x000000f8   Code   RO          561    .text.RCCEx_PLL2_Config  stm32h7xx_hal_rcc_ex.o
    0x0800565c   0x0800565c   0x000000f8   Code   RO          563    .text.RCCEx_PLL3_Config  stm32h7xx_hal_rcc_ex.o
    0x08005754   0x08005754   0x00000002   Code   RO          140    .text.SVC_Handler   stm32h7xx_it.o
    0x08005756   0x08005756   0x00000004   Code   RO          146    .text.SysTick_Handler  stm32h7xx_it.o
    0x0800575a   0x0800575a   0x00000002   PAD
    0x0800575c   0x0800575c   0x000000cc   Code   RO           64    .text.SystemClock_Config  main.o
    0x08005828   0x08005828   0x000000b0   Code   RO          301    .text.SystemInit    system_stm32h7xx.o
    0x080058d8   0x080058d8   0x0000000c   Code   RO          150    .text.UART7_IRQHandler  stm32h7xx_it.o
    0x080058e4   0x080058e4   0x00000044   Code   RO         1719    .text.UARTEx_SetNbDataToProcess  stm32h7xx_hal_uart_ex.o
    0x08005928   0x08005928   0x000000aa   Code   RO         1560    .text.UART_AdvFeatureConfig  stm32h7xx_hal_uart.o
    0x080059d2   0x080059d2   0x000000b2   Code   RO         1562    .text.UART_CheckIdleState  stm32h7xx_hal_uart.o
    0x08005a84   0x08005a84   0x00000010   Code   RO         1644    .text.UART_DMAAbortOnError  stm32h7xx_hal_uart.o
    0x08005a94   0x08005a94   0x00000058   Code   RO         1614    .text.UART_EndRxTransfer  stm32h7xx_hal_uart.o
    0x08005aec   0x08005aec   0x00000388   Code   RO         1558    .text.UART_SetConfig  stm32h7xx_hal_uart.o
    0x08005e74   0x08005e74   0x00000092   Code   RO         1576    .text.UART_WaitOnFlagUntilTimeout  stm32h7xx_hal_uart.o
    0x08005f06   0x08005f06   0x00000012   Code   RO         1758    .text.USBD_ClrClassConfig  usbd_core.o
    0x08005f18   0x08005f18   0x00000004   Code   RO         1766    .text.USBD_CoreFindEP  usbd_core.o
    0x08005f1c   0x08005f1c   0x00000004   Code   RO         1764    .text.USBD_CoreFindIF  usbd_core.o
    0x08005f20   0x08005f20   0x00000010   Code   RO         1827    .text.USBD_CtlContinueRx  usbd_ioreq.o
    0x08005f30   0x08005f30   0x00000010   Code   RO         1823    .text.USBD_CtlContinueSendData  usbd_ioreq.o
    0x08005f40   0x08005f40   0x00000016   Code   RO         1802    .text.USBD_CtlError  usbd_ctlreq.o
    0x08005f56   0x08005f56   0x0000001a   Code   RO         1825    .text.USBD_CtlPrepareRx  usbd_ioreq.o
    0x08005f70   0x08005f70   0x00000016   Code   RO         1831    .text.USBD_CtlReceiveStatus  usbd_ioreq.o
    0x08005f86   0x08005f86   0x0000001a   Code   RO         1821    .text.USBD_CtlSendData  usbd_ioreq.o
    0x08005fa0   0x08005fa0   0x00000016   Code   RO         1829    .text.USBD_CtlSendStatus  usbd_ioreq.o
    0x08005fb6   0x08005fb6   0x0000005a   Code   RO         1845    .text.USBD_DFU_DeInit  usbd_dfu.o
    0x08006010   0x08006010   0x00000004   Code   RO         1851    .text.USBD_DFU_EP0_RxReady  usbd_dfu.o
    0x08006014   0x08006014   0x000000f2   Code   RO         1849    .text.USBD_DFU_EP0_TxReady  usbd_dfu.o
    0x08006106   0x08006106   0x00000002   PAD
    0x08006108   0x08006108   0x0000000c   Code   RO         1855    .text.USBD_DFU_GetCfgDesc  usbd_dfu.o
    0x08006114   0x08006114   0x0000000c   Code   RO         1857    .text.USBD_DFU_GetDeviceQualifierDesc  usbd_dfu.o
    0x08006120   0x08006120   0x00000030   Code   RO         1863    .text.USBD_DFU_GetDfuFuncDesc  usbd_dfu.o
    0x08006150   0x08006150   0x00000028   Code   RO         1859    .text.USBD_DFU_GetUsrStringDesc  usbd_dfu.o
    0x08006178   0x08006178   0x00000068   Code   RO         1843    .text.USBD_DFU_Init  usbd_dfu.o
    0x080061e0   0x080061e0   0x00000016   Code   RO         1861    .text.USBD_DFU_RegisterMedia  usbd_dfu.o
    0x080061f6   0x080061f6   0x00000004   Code   RO         1853    .text.USBD_DFU_SOF  usbd_dfu.o
    0x080061fa   0x080061fa   0x00000002   PAD
    0x080061fc   0x080061fc   0x00000370   Code   RO         1847    .text.USBD_DFU_Setup  usbd_dfu.o
    0x0800656c   0x0800656c   0x00000020   Code   RO          188    .text.USBD_FS_ConfigStrDescriptor  usbd_desc.o
    0x0800658c   0x0800658c   0x0000000c   Code   RO          178    .text.USBD_FS_DeviceDescriptor  usbd_desc.o
    0x08006598   0x08006598   0x00000024   Code   RO          190    .text.USBD_FS_InterfaceStrDescriptor  usbd_desc.o
    0x080065bc   0x080065bc   0x0000000c   Code   RO          180    .text.USBD_FS_LangIDStrDescriptor  usbd_desc.o
    0x080065c8   0x080065c8   0x00000028   Code   RO          182    .text.USBD_FS_ManufacturerStrDescriptor  usbd_desc.o
    0x080065f0   0x080065f0   0x0000002c   Code   RO          184    .text.USBD_FS_ProductStrDescriptor  usbd_desc.o
    0x0800661c   0x0800661c   0x00000034   Code   RO          186    .text.USBD_FS_SerialStrDescriptor  usbd_desc.o
    0x08006650   0x08006650   0x0000000c   Code   RO         1790    .text.USBD_GetNextDesc  usbd_core.o
    0x0800665c   0x0800665c   0x0000003a   Code   RO         1810    .text.USBD_GetString  usbd_ctlreq.o
    0x08006696   0x08006696   0x00000002   PAD
    0x08006698   0x08006698   0x00000018   Code   RO          259    .text.USBD_Get_USB_Status  usbd_conf.o
    0x080066b0   0x080066b0   0x00000028   Code   RO         1744    .text.USBD_Init     usbd_core.o
    0x080066d8   0x080066d8   0x00000012   Code   RO          273    .text.USBD_LL_ClearStallEP  usbd_conf.o
    0x080066ea   0x080066ea   0x000000ae   Code   RO         1768    .text.USBD_LL_DataInStage  usbd_core.o
    0x08006798   0x08006798   0x00000070   Code   RO         1762    .text.USBD_LL_DataOutStage  usbd_core.o
    0x08006808   0x08006808   0x00000004   Code   RO         1784    .text.USBD_LL_DevConnected  usbd_core.o
    0x0800680c   0x0800680c   0x00000020   Code   RO         1786    .text.USBD_LL_DevDisconnected  usbd_core.o
    0x0800682c   0x0800682c   0x00000064   Code   RO          255    .text.USBD_LL_Init  usbd_conf.o
    0x08006890   0x08006890   0x00000020   Code   RO          275    .text.USBD_LL_IsStallEP  usbd_conf.o
    0x080068b0   0x080068b0   0x00000026   Code   RO         1780    .text.USBD_LL_IsoINIncomplete  usbd_core.o
    0x080068d6   0x080068d6   0x00000026   Code   RO         1782    .text.USBD_LL_IsoOUTIncomplete  usbd_core.o
    0x080068fc   0x080068fc   0x00000018   Code   RO          265    .text.USBD_LL_OpenEP  usbd_conf.o
    0x08006914   0x08006914   0x00000012   Code   RO          281    .text.USBD_LL_PrepareReceive  usbd_conf.o
    0x08006926   0x08006926   0x00000060   Code   RO         1770    .text.USBD_LL_Reset  usbd_core.o
    0x08006986   0x08006986   0x00000014   Code   RO         1776    .text.USBD_LL_Resume  usbd_core.o
    0x0800699a   0x0800699a   0x0000001a   Code   RO         1778    .text.USBD_LL_SOF   usbd_core.o
    0x080069b4   0x080069b4   0x00000006   Code   RO         1772    .text.USBD_LL_SetSpeed  usbd_core.o
    0x080069ba   0x080069ba   0x00000012   Code   RO          277    .text.USBD_LL_SetUSBAddress  usbd_conf.o
    0x080069cc   0x080069cc   0x00000060   Code   RO         1760    .text.USBD_LL_SetupStage  usbd_core.o
    0x08006a2c   0x08006a2c   0x00000012   Code   RO          271    .text.USBD_LL_StallEP  usbd_conf.o
    0x08006a3e   0x08006a3e   0x00000012   Code   RO          261    .text.USBD_LL_Start  usbd_conf.o
    0x08006a50   0x08006a50   0x00000012   Code   RO          263    .text.USBD_LL_Stop  usbd_conf.o
    0x08006a62   0x08006a62   0x0000001a   Code   RO         1774    .text.USBD_LL_Suspend  usbd_core.o
    0x08006a7c   0x08006a7c   0x00000012   Code   RO          279    .text.USBD_LL_Transmit  usbd_conf.o
    0x08006a8e   0x08006a8e   0x00000016   Code   RO         1808    .text.USBD_ParseSetupRequest  usbd_ctlreq.o
    0x08006aa4   0x08006aa4   0x0000003e   Code   RO         1748    .text.USBD_RegisterClass  usbd_core.o
    0x08006ae2   0x08006ae2   0x0000000e   Code   RO         1756    .text.USBD_SetClassConfig  usbd_core.o
    0x08006af0   0x08006af0   0x00000004   Code   RO         1750    .text.USBD_Start    usbd_core.o
    0x08006af4   0x08006af4   0x00000300   Code   RO         1800    .text.USBD_StdDevReq  usbd_ctlreq.o
    0x08006df4   0x08006df4   0x0000014c   Code   RO         1806    .text.USBD_StdEPReq  usbd_ctlreq.o
    0x08006f40   0x08006f40   0x0000006a   Code   RO         1804    .text.USBD_StdItfReq  usbd_ctlreq.o
    0x08006faa   0x08006faa   0x0000001a   Code   RO         1752    .text.USBD_Stop     usbd_core.o
    0x08006fc4   0x08006fc4   0x00000002   Code   RO          287    .text.USBD_static_free  usbd_conf.o
    0x08006fc6   0x08006fc6   0x00000002   PAD
    0x08006fc8   0x08006fc8   0x00000008   Code   RO          285    .text.USBD_static_malloc  usbd_conf.o
    0x08006fd0   0x08006fd0   0x0000007c   Code   RO          441    .text.USB_ActivateEndpoint  stm32h7xx_ll_usb.o
    0x0800704c   0x0800704c   0x0000001e   Code   RO          483    .text.USB_ActivateSetup  stm32h7xx_ll_usb.o
    0x0800706a   0x0800706a   0x00000002   PAD
    0x0800706c   0x0800706c   0x00000088   Code   RO          417    .text.USB_CoreInit  stm32h7xx_ll_usb.o
    0x080070f4   0x080070f4   0x00000048   Code   RO          419    .text.USB_CoreReset  stm32h7xx_ll_usb.o
    0x0800713c   0x0800713c   0x0000001c   Code   RO          465    .text.USB_DevConnect  stm32h7xx_ll_usb.o
    0x08007158   0x08007158   0x0000001c   Code   RO          467    .text.USB_DevDisconnect  stm32h7xx_ll_usb.o
    0x08007174   0x08007174   0x00000188   Code   RO          431    .text.USB_DevInit   stm32h7xx_ll_usb.o
    0x080072fc   0x080072fc   0x0000000c   Code   RO          425    .text.USB_DisableGlobalInt  stm32h7xx_ll_usb.o
    0x08007308   0x08007308   0x00000058   Code   RO          485    .text.USB_EP0_OutStart  stm32h7xx_ll_usb.o
    0x08007360   0x08007360   0x00000030   Code   RO          459    .text.USB_EPClearStall  stm32h7xx_ll_usb.o
    0x08007390   0x08007390   0x00000036   Code   RO          457    .text.USB_EPSetStall  stm32h7xx_ll_usb.o
    0x080073c6   0x080073c6   0x00000002   PAD
    0x080073c8   0x080073c8   0x0000017c   Code   RO          449    .text.USB_EPStartXfer  stm32h7xx_ll_usb.o
    0x08007544   0x08007544   0x00000084   Code   RO          453    .text.USB_EPStopXfer  stm32h7xx_ll_usb.o
    0x080075c8   0x080075c8   0x0000000c   Code   RO          423    .text.USB_EnableGlobalInt  stm32h7xx_ll_usb.o
    0x080075d4   0x080075d4   0x00000040   Code   RO          437    .text.USB_FlushRxFifo  stm32h7xx_ll_usb.o
    0x08007614   0x08007614   0x00000048   Code   RO          435    .text.USB_FlushTxFifo  stm32h7xx_ll_usb.o
    0x0800765c   0x0800765c   0x0000001c   Code   RO          439    .text.USB_GetDevSpeed  stm32h7xx_ll_usb.o
    0x08007678   0x08007678   0x00000008   Code   RO          429    .text.USB_GetMode   stm32h7xx_ll_usb.o
    0x08007680   0x08007680   0x0000000e   Code   RO          475    .text.USB_ReadDevAllInEpInterrupt  stm32h7xx_ll_usb.o
    0x0800768e   0x0800768e   0x0000000e   Code   RO          473    .text.USB_ReadDevAllOutEpInterrupt  stm32h7xx_ll_usb.o
    0x0800769c   0x0800769c   0x00000024   Code   RO          479    .text.USB_ReadDevInEPInterrupt  stm32h7xx_ll_usb.o
    0x080076c0   0x080076c0   0x00000010   Code   RO          477    .text.USB_ReadDevOutEPInterrupt  stm32h7xx_ll_usb.o
    0x080076d0   0x080076d0   0x00000008   Code   RO          469    .text.USB_ReadInterrupts  stm32h7xx_ll_usb.o
    0x080076d8   0x080076d8   0x00000036   Code   RO          455    .text.USB_ReadPacket  stm32h7xx_ll_usb.o
    0x0800770e   0x0800770e   0x00000062   Code   RO          427    .text.USB_SetCurrentMode  stm32h7xx_ll_usb.o
    0x08007770   0x08007770   0x00000020   Code   RO          463    .text.USB_SetDevAddress  stm32h7xx_ll_usb.o
    0x08007790   0x08007790   0x000000f0   Code   RO          421    .text.USB_SetTurnaroundTime  stm32h7xx_ll_usb.o
    0x08007880   0x08007880   0x00000022   Code   RO          451    .text.USB_WritePacket  stm32h7xx_ll_usb.o
    0x080078a2   0x080078a2   0x00000002   Code   RO          138    .text.UsageFault_Handler  stm32h7xx_it.o
    0x080078a4   0x080078a4   0x00000020   Code   RO          992    .text.__NVIC_SetPriority  stm32h7xx_hal_cortex.o
    0x080078c4   0x080078c4   0x00000018   Code   RO           56    .text.fputc         main.o
    0x080078dc   0x080078dc   0x00000040   Code   RO           60    .text.jump2app      main.o
    0x0800791c   0x0800791c   0x00000124   Code   RO           62    .text.main          main.o
    0x08007a40   0x08007a40   0x0000000c   Code   RO           58    .text.set_jump2app_flag  main.o
    0x08007a4c   0x08007a4c   0x00000020   Code   RO         2124    i.__0printf         mc_w.l(printfa.o)
    0x08007a6c   0x08007a6c   0x0000000e   Code   RO         2192    i.__scatterload_copy  mc_w.l(handlers.o)
    0x08007a7a   0x08007a7a   0x00000002   Code   RO         2193    i.__scatterload_null  mc_w.l(handlers.o)
    0x08007a7c   0x08007a7c   0x0000000e   Code   RO         2194    i.__scatterload_zeroinit  mc_w.l(handlers.o)
    0x08007a8a   0x08007a8a   0x00000002   PAD
    0x08007a8c   0x08007a8c   0x00000184   Code   RO         2131    i._fp_digits        mc_w.l(printfa.o)
    0x08007c10   0x08007c10   0x000006dc   Code   RO         2132    i._printf_core      mc_w.l(printfa.o)
    0x080082ec   0x080082ec   0x00000024   Code   RO         2133    i._printf_post_padding  mc_w.l(printfa.o)
    0x08008310   0x08008310   0x0000002e   Code   RO         2134    i._printf_pre_padding  mc_w.l(printfa.o)
    0x0800833e   0x0800833e   0x00000010   Data   RO          305    .rodata.D1CorePrescTable  system_stm32h7xx.o
    0x0800834e   0x0800834e   0x00000018   Data   RO         1692    .rodata.UARTPrescTable  stm32h7xx_hal_uart.o
    0x08008366   0x08008366   0x00000010   Data   RO         1735    .rodata.cst8        stm32h7xx_hal_uart_ex.o
    0x08008376   0x08008376   0x00000058   Data   RO          219    .rodata.str1.1      usbd_dfu_if.o
    0x080083ce   0x080083ce   0x00000002   PAD
    0x080083d0   0x080083d0   0x00000020   Data   RO         2191    Region$$Table       anon$$obj.o


    Execution Region RW_IRAM1 (Exec base: 0x20000000, Load base: 0x080083f0, Size: 0x00000000, Max: 0x00020000, ABSOLUTE)

    **** No section assigned to this execution region ****


    Execution Region RW_IRAM2 (Exec base: 0x24000000, Load base: 0x080083f0, Size: 0x00001b70, Max: 0x00080000, ABSOLUTE)

    Exec Addr    Load Addr    Size         Type   Attr      Idx    E Section Name        Object

    0x24000000   0x080083f0   0x00000004   Data   RW         2166    .data               mc_w.l(stdout.o)
    0x24000004   0x080083f4   0x00000008   Data   RW          306    .data..L_MergedGlobals  system_stm32h7xx.o
    0x2400000c   0x080083fc   0x00000008   Data   RW         1135    .data..L_MergedGlobals  stm32h7xx_hal.o
    0x24000014   0x08008404   0x0000001c   Data   RW          194    .data.FS_Desc       usbd_desc.o
    0x24000030   0x08008420   0x0000003c   Data   RW         1865    .data.USBD_DFU      usbd_dfu.o
    0x2400006c   0x0800845c   0x0000001b   Data   RW         1866    .data.USBD_DFU_CfgDesc  usbd_dfu.o
    0x24000087   0x08008477   0x00000001   PAD
    0x24000088   0x08008478   0x0000000a   Data   RW         1867    .data.USBD_DFU_DeviceQualifierDesc  usbd_dfu.o
    0x24000092   0x08008482   0x00000002   PAD
    0x24000094   0x08008484   0x0000001c   Data   RW          220    .data.USBD_DFU_fops_FS  usbd_dfu_if.o
    0x240000b0   0x080084a0   0x00000012   Data   RW          195    .data.USBD_FS_DeviceDesc  usbd_desc.o
    0x240000c2   0x080084b2   0x00000002   PAD
    0x240000c4   0x080084b4   0x00000004   Data   RW          196    .data.USBD_LangIDDesc  usbd_desc.o
    0x240000c8   0x080084b8   0x0000001a   Data   RW          197    .data.USBD_StringSerial  usbd_desc.o
    0x240000e2   0x080084d2   0x00000006   PAD
    0x240000e8        -       0x000000ff   Zero   RW         1868    .bss.USBD_DFU_GetUsrStringDesc.USBD_StrDesc  usbd_dfu.o
    0x240001e7        -       0x00000001   Zero   RW         1812    .bss.USBD_SetConfig.cfgidx  usbd_ctlreq.o
    0x240001e8        -       0x00000400   Zero   RW          198    .bss.USBD_StrDesc   usbd_desc.o
    0x240005e8        -       0x00000420   Zero   RW          292    .bss.USBD_static_malloc.mem  usbd_conf.o
    0x24000a08        -       0x000002dc   Zero   RW          171    .bss.hUsbDeviceFS   usb_device.o
    0x24000ce4        -       0x00000078   Zero   RW          121    .bss.hdma_uart7_tx  usart.o
    0x24000d5c        -       0x0000050c   Zero   RW          291    .bss.hpcd_USB_OTG_FS  usbd_conf.o
    0x24001268        -       0x0000004c   Zero   RW           43    .bss.hqspi          qspi_w25q64.o
    0x240012b4        -       0x00000094   Zero   RW          120    .bss.huart7         usart.o
    0x24001348        -       0x00000001   Zero   RW           68    .bss.jump_flag      main.o
    0x24001349   0x080084d2   0x00000003   PAD
    0x2400134c        -       0x0000001c   Zero   RW          651    .bss.pFlash         stm32h7xx_hal_flash.o
    0x24001368        -       0x00000004   Zero   RW         1134    .bss.uwTick         stm32h7xx_hal.o
    0x2400136c   0x080084d2   0x00000004   PAD
    0x24001370        -       0x00000800   Zero   RW            1    STACK               startup_stm32h750xx.o


==============================================================================

Image component sizes


      Code (inc. data)   RO Data    RW Data    ZI Data      Debug   Object Name

        48          4          0          0          0       5286   dma.o
       204          8          0          0          0       2911   gpio.o
       604         48          0          0          1      11808   main.o
      1294         56          0          0         76      11883   qspi_w25q64.o
        36          8        664          0       2048        824   startup_stm32h750xx.o
       232         32          0          8          4      14847   stm32h7xx_hal.o
       316         32          0          0          0      12222   stm32h7xx_hal_cortex.o
      4140        560          0          0          0      15063   stm32h7xx_hal_dma.o
       460         36          0          0         28       7208   stm32h7xx_hal_flash.o
       492          4          0          0          0      10379   stm32h7xx_hal_flash_ex.o
       410         16          0          0          0       7011   stm32h7xx_hal_gpio.o
        32          4          0          0          0       2207   stm32h7xx_hal_msp.o
      2796          4          0          0          0      15342   stm32h7xx_hal_pcd.o
       114          4          0          0          0       5726   stm32h7xx_hal_pcd_ex.o
        84          4          0          0          0      10418   stm32h7xx_hal_pwr_ex.o
      1424          8          0          0          0      17047   stm32h7xx_hal_qspi.o
      2192         64          0          0          0      11252   stm32h7xx_hal_rcc.o
      3476        154          0          0          0      18020   stm32h7xx_hal_rcc_ex.o
      2588        158         24          0          0      34008   stm32h7xx_hal_uart.o
       276          8         16          0          0      10240   stm32h7xx_hal_uart_ex.o
        56         12          0          0          0       1273   stm32h7xx_it.o
      2254        108          0          0          0      22994   stm32h7xx_ll_usb.o
       176         40         16          8          0       5807   system_stm32h7xx.o
       304         32          0          0        268      11366   usart.o
        84         16          0          0        732       3148   usb_device.o
       686         32          0          0       2348      19898   usbd_conf.o
       852          0          0          0          0       9554   usbd_core.o
      1308         38          0          0          1       9131   usbd_ctlreq.o
       276         88          0         76       1024       3421   usbd_desc.o
      1458         58          0         97        255      11034   usbd_dfu.o
       412         16         88         28          0       5330   usbd_dfu_if.o
       128          0          0          0          0       4557   usbd_ioreq.o

    ----------------------------------------------------------------------
     29246       1652        842        224       6796     331215   Object Totals
         0          0         32          0          0          0   (incl. Generated)
        34          0          2          7         11          0   (incl. Padding)

    ----------------------------------------------------------------------

      Code (inc. data)   RO Data    RW Data    ZI Data      Debug   Library Member Name

         0          0          0          0          0          0   entry.o
         0          0          0          0          0          0   entry10a.o
         0          0          0          0          0          0   entry11a.o
         8          4          0          0          0          0   entry2.o
         4          0          0          0          0          0   entry5.o
         0          0          0          0          0          0   entry7b.o
         0          0          0          0          0          0   entry8b.o
         8          4          0          0          0          0   entry9a.o
        30          0          0          0          0          0   handlers.o
        36          8          0          0          0         68   init.o
         0          0          0          0          0          0   iusefp.o
        30          0          0          0          0         68   llshl.o
        36          0          0          0          0         68   llsshr.o
        32          0          0          0          0         68   llushr.o
        36          0          0          0          0        108   memseta.o
      2258         90          0          0          0        452   printfa.o
         0          0          0          4          0          0   stdout.o
        44          0          0          0          0         80   uidiv.o
        98          0          0          0          0         92   uldiv.o
        48          0          0          0          0         68   cdrcmple.o
       334          0          0          0          0        148   dadd.o
       222          0          0          0          0        100   ddiv.o
       186          0          0          0          0        176   depilogue.o
        48          0          0          0          0         68   dfixul.o
       228          0          0          0          0         96   dmul.o

    ----------------------------------------------------------------------
      3688        106          0          4          0       1660   Library Totals
         2          0          0          0          0          0   (incl. Padding)

    ----------------------------------------------------------------------

      Code (inc. data)   RO Data    RW Data    ZI Data      Debug   Library Name

      2620        106          0          4          0       1004   mc_w.l
      1066          0          0          0          0        656   mf_w.l

    ----------------------------------------------------------------------
      3688        106          0          4          0       1660   Library Totals

    ----------------------------------------------------------------------

==============================================================================


      Code (inc. data)   RO Data    RW Data    ZI Data      Debug   

     32934       1758        842        228       6796     331767   Grand Totals
     32934       1758        842        228       6796     331767   ELF Image Totals
     32934       1758        842        228          0          0   ROM Totals

==============================================================================

    Total RO  Size (Code + RO Data)                33776 (  32.98kB)
    Total RW  Size (RW Data + ZI Data)              7024 (   6.86kB)
    Total ROM Size (Code + RO Data + RW Data)      34004 (  33.21kB)

==============================================================================

